[  0%] Built target std_msgs_generate_messages_lisp
[  0%] Built target actionlib_msgs_generate_messages_lisp
[  0%] Built target geometry_msgs_generate_messages_lisp
[  0%] Built target geometry_msgs_generate_messages_nodejs
[  0%] Built target _detector_tablero_generate_messages_check_deps_Cell
[  0%] Built target _detector_tablero_generate_messages_check_deps_CasillasAction
[  0%] Built target _detector_tablero_generate_messages_check_deps_Ficha
[  0%] Built target _detector_tablero_generate_messages_check_deps_CasillasActionGoal
[  0%] Built target _detector_tablero_generate_messages_check_deps_CasillasResult
[  0%] Built target _detector_tablero_generate_messages_check_deps_CasillasGoal
[  0%] Built target _detector_tablero_generate_messages_check_deps_CasillasFeedback
[  0%] Built target actionlib_msgs_generate_messages_nodejs
[  0%] Built target std_msgs_generate_messages_nodejs
[  0%] Built target _detector_tablero_generate_messages_check_deps_CasillasActionFeedback
[  0%] Built target std_msgs_generate_messages_py
[  0%] Built target geometry_msgs_generate_messages_py
[  0%] Built target actionlib_msgs_generate_messages_py
[  0%] Built target actionlib_msgs_generate_messages_eus
[  0%] Built target std_msgs_generate_messages_eus
[  0%] Built target _detector_tablero_generate_messages_check_deps_CasillasActionResult
[  0%] Built target geometry_msgs_generate_messages_eus
[  0%] Built target geometry_msgs_generate_messages_cpp
[  0%] Built target actionlib_msgs_generate_messages_cpp
[  0%] Built target std_msgs_generate_messages_cpp
[  2%] [34m[1mGenerating Javascript code from detector_tablero/Cell.msg[0m
[  4%] [34m[1mGenerating EusLisp code from detector_tablero/Cell.msg[0m
[  6%] [34m[1mGenerating Python from MSG detector_tablero/Cell[0m
[  8%] [34m[1mGenerating Lisp code from detector_tablero/Cell.msg[0m
[ 10%] [34m[1mGenerating C++ code from detector_tablero/Cell.msg[0m
[ 12%] [34m[1mGenerating EusLisp code from detector_tablero/Ficha.msg[0m
[ 14%] [34m[1mGenerating EusLisp code from detector_tablero/CasillasAction.msg[0m
[ 17%] [34m[1mGenerating EusLisp code from detector_tablero/CasillasActionResult.msg[0m
[ 19%] [34m[1mGenerating Python from MSG detector_tablero/Ficha[0m
[ 21%] [34m[1mGenerating Python from MSG detector_tablero/CasillasAction[0m
[ 23%] [34m[1mGenerating Lisp code from detector_tablero/Ficha.msg[0m
[ 25%] [34m[1mGenerating Javascript code from detector_tablero/Ficha.msg[0m
[ 27%] [34m[1mGenerating Python from MSG detector_tablero/CasillasActionResult[0m
[ 29%] [34m[1mGenerating Lisp code from detector_tablero/CasillasAction.msg[0m
[ 31%] [34m[1mGenerating C++ code from detector_tablero/Ficha.msg[0m
[ 34%] [34m[1mGenerating C++ code from detector_tablero/CasillasAction.msg[0m
[ 36%] [34m[1mGenerating Javascript code from detector_tablero/CasillasAction.msg[0m
[ 38%] [34m[1mGenerating Lisp code from detector_tablero/CasillasActionResult.msg[0m
[ 40%] [34m[1mGenerating EusLisp code from detector_tablero/CasillasResult.msg[0m
[ 42%] [34m[1mGenerating Lisp code from detector_tablero/CasillasResult.msg[0m
[ 44%] [34m[1mGenerating Python from MSG detector_tablero/CasillasResult[0m
[ 46%] [34m[1mGenerating C++ code from detector_tablero/CasillasActionResult.msg[0m
[ 48%] [34m[1mGenerating C++ code from detector_tablero/CasillasResult.msg[0m
[ 51%] [34m[1mGenerating Javascript code from detector_tablero/CasillasActionResult.msg[0m
[ 59%] Built target detector_tablero_generate_messages_lisp
[ 70%] Built target detector_tablero_generate_messages_eus
[ 72%] [34m[1mGenerating Javascript code from detector_tablero/CasillasResult.msg[0m
[ 74%] [34m[1mGenerating Python msg __init__.py for detector_tablero[0m
[ 82%] Built target detector_tablero_generate_messages_nodejs
[ 91%] Built target detector_tablero_generate_messages_cpp
[100%] Built target detector_tablero_generate_messages_py
[100%] Built target detector_tablero_generate_messages
