[36m--[0m Using CATKIN_DEVEL_PREFIX: /home/laboratorio/ros_workspace/devel/.private/detector_tablero
[36m--[0m Using CMAKE_PREFIX_PATH: /home/laboratorio/ros_workspace/devel;/opt/ros/noetic
[36m--[0m This workspace overlays: /home/laboratorio/ros_workspace/devel;/opt/ros/noetic
[36m--[0m Found PythonInterp: /usr/bin/python3 (found suitable version "3.8.10", minimum required is "3")
[36m--[0m Using PYTHON_EXECUTABLE: /usr/bin/python3
[36m--[0m Using Debian Python package layout
[36m--[0m Using empy: /usr/lib/python3/dist-packages/em.py
[36m--[0m Using CATKIN_ENABLE_TESTING: ON
[36m--[0m Call enable_testing()
[36m--[0m Using CATKIN_TEST_RESULTS_DIR: /home/laboratorio/ros_workspace/build/detector_tablero/test_results
[36m--[0m Forcing gtest/gmock from source, though one was otherwise available.
[36m--[0m Found gtest sources under '/usr/src/googletest': gtests will be built
[36m--[0m Found gmock sources under '/usr/src/googletest': gmock will be built
[36m--[0m Found PythonInterp: /usr/bin/python3 (found version "3.8.10")
[36m--[0m Using Python nosetests: /usr/bin/nosetests3
[36m--[0m catkin 0.8.12
[36m--[0m BUILD_SHARED_LIBS is on
[36m--[0m Using these message generators: gencpp;geneus;genlisp;gennodejs;genpy
[36m--[0m Generating .msg files for action detector_tablero/Casillas /home/laboratorio/ros_workspace/src/detector_tablero/action/Casillas.action
[31m[1mCMake Error[0m at /home/laboratorio/ros_workspace/build/detector_tablero/cmake/detector_tablero-genmsg.cmake:3 (message):
  Could not find messages which
  '/home/laboratorio/ros_workspace/src/detector_tablero/msg/Tablero.msg'
  depends on.  Did you forget to specify generate_messages(DEPENDENCIES ...)?

  Cannot locate message [String] in package [detector_tablero] with paths
  [['/home/laboratorio/ros_workspace/src/detector_tablero/msg',
  '/home/laboratorio/ros_workspace/devel/.private/detector_tablero/share/detector_tablero/msg']]
[36mCall Stack (most recent call first):[0m
  /opt/ros/noetic/share/genmsg/cmake/genmsg-extras.cmake:307 (include)
  CMakeLists.txt:32 (generate_messages)


[36m--[0m Configuring incomplete, errors occurred!
See also "/home/laboratorio/ros_workspace/build/detector_tablero/CMakeFiles/CMakeOutput.log".
See also "/home/laboratorio/ros_workspace/build/detector_tablero/CMakeFiles/CMakeError.log".
make: *** [Makefile:460: cmake_check_build_system] Error 1
