[35m[1mScanning dependencies of target _detector_tablero_generate_messages_check_deps_Ficha[0m
[  0%] Built target actionlib_msgs_generate_messages_lisp
[  0%] Built target geometry_msgs_generate_messages_lisp
[  0%] Built target geometry_msgs_generate_messages_nodejs
[  0%] Built target std_msgs_generate_messages_lisp
[  0%] Built target actionlib_msgs_generate_messages_nodejs
[  0%] Built target std_msgs_generate_messages_nodejs
[  0%] Built target std_msgs_generate_messages_py
[  0%] Built target actionlib_msgs_generate_messages_py
[  0%] Built target _detector_tablero_generate_messages_check_deps_Cell
[  0%] Built target _detector_tablero_generate_messages_check_deps_CasillasGoal
[  0%] Built target _detector_tablero_generate_messages_check_deps_Ficha
[  0%] Built target _detector_tablero_generate_messages_check_deps_CasillasActionResult
[  0%] Built target _detector_tablero_generate_messages_check_deps_CasillasResult
[  0%] Built target _detector_tablero_generate_messages_check_deps_CasillasAction
[  0%] Built target _detector_tablero_generate_messages_check_deps_CasillasFeedback
[  0%] Built target geometry_msgs_generate_messages_py
[  0%] Built target actionlib_msgs_generate_messages_eus
[  0%] Built target std_msgs_generate_messages_eus
[  0%] Built target geometry_msgs_generate_messages_eus
[  0%] Built target _detector_tablero_generate_messages_check_deps_CasillasActionFeedback
[  0%] Built target _detector_tablero_generate_messages_check_deps_CasillasActionGoal
[  0%] Built target geometry_msgs_generate_messages_cpp
[  0%] Built target actionlib_msgs_generate_messages_cpp
[  0%] Built target std_msgs_generate_messages_cpp
[  4%] [34m[1mGenerating Javascript code from detector_tablero/CasillasAction.msg[0m
[  4%] [34m[1mGenerating Javascript code from detector_tablero/Ficha.msg[0m
[  6%] [34m[1mGenerating Lisp code from detector_tablero/Ficha.msg[0m
[  8%] [34m[1mGenerating Javascript code from detector_tablero/Cell.msg[0m
[ 14%] [34m[1mGenerating Javascript code from detector_tablero/CasillasActionGoal.msg[0m
[ 14%] [34m[1mGenerating Lisp code from detector_tablero/CasillasAction.msg[0m
[ 17%] [34m[1mGenerating Python from MSG detector_tablero/Cell[0m
[ 17%] [34m[1mGenerating Lisp code from detector_tablero/Cell.msg[0m
[ 19%] [34m[1mGenerating Lisp code from detector_tablero/CasillasActionGoal.msg[0m
[ 23%] [34m[1mGenerating Javascript code from detector_tablero/CasillasActionFeedback.msg[0m
[ 23%] [34m[1mGenerating Javascript code from detector_tablero/CasillasActionResult.msg[0m
[ 25%] [34m[1mGenerating EusLisp code from detector_tablero/Cell.msg[0m
[ 27%] [34m[1mGenerating Lisp code from detector_tablero/CasillasActionResult.msg[0m
[ 29%] [34m[1mGenerating C++ code from detector_tablero/Cell.msg[0m
[ 31%] [34m[1mGenerating Javascript code from detector_tablero/CasillasGoal.msg[0m
[ 34%] [34m[1mGenerating Javascript code from detector_tablero/CasillasResult.msg[0m
[ 36%] [34m[1mGenerating EusLisp code from detector_tablero/Ficha.msg[0m
[ 38%] [34m[1mGenerating C++ code from detector_tablero/Ficha.msg[0m
[ 40%] [34m[1mGenerating Javascript code from detector_tablero/CasillasFeedback.msg[0m
[ 42%] [34m[1mGenerating EusLisp code from detector_tablero/CasillasActionResult.msg[0m
[ 44%] [34m[1mGenerating Python from MSG detector_tablero/Ficha[0m
[ 46%] [34m[1mGenerating EusLisp code from detector_tablero/CasillasAction.msg[0m
[ 48%] [34m[1mGenerating EusLisp code from detector_tablero/CasillasActionGoal.msg[0m
[ 51%] [34m[1mGenerating Lisp code from detector_tablero/CasillasActionFeedback.msg[0m
[ 53%] [34m[1mGenerating C++ code from detector_tablero/CasillasAction.msg[0m
[ 57%] [34m[1mGenerating C++ code from detector_tablero/CasillasActionResult.msg[0m
[ 57%] [34m[1mGenerating C++ code from detector_tablero/CasillasActionGoal.msg[0m
[ 59%] [34m[1mGenerating C++ code from detector_tablero/CasillasActionFeedback.msg[0m
[ 61%] [34m[1mGenerating C++ code from detector_tablero/CasillasGoal.msg[0m
[ 61%] Built target detector_tablero_generate_messages_nodejs
[ 63%] [34m[1mGenerating Lisp code from detector_tablero/CasillasGoal.msg[0m
[ 65%] [34m[1mGenerating Python from MSG detector_tablero/CasillasAction[0m
[ 70%] [34m[1mGenerating EusLisp code from detector_tablero/CasillasActionFeedback.msg[0m
[ 70%] [34m[1mGenerating EusLisp code from detector_tablero/CasillasGoal.msg[0m
[ 74%] [34m[1mGenerating C++ code from detector_tablero/CasillasResult.msg[0m
[ 74%] [34m[1mGenerating C++ code from detector_tablero/CasillasFeedback.msg[0m
[ 76%] [34m[1mGenerating EusLisp code from detector_tablero/CasillasResult.msg[0m
[ 78%] [34m[1mGenerating EusLisp code from detector_tablero/CasillasFeedback.msg[0m
[ 80%] [34m[1mGenerating Lisp code from detector_tablero/CasillasResult.msg[0m
[ 82%] [34m[1mGenerating Lisp code from detector_tablero/CasillasFeedback.msg[0m
[ 85%] [34m[1mGenerating Python from MSG detector_tablero/CasillasActionGoal[0m
[ 87%] [34m[1mGenerating Python from MSG detector_tablero/CasillasActionResult[0m
[ 89%] [34m[1mGenerating Python from MSG detector_tablero/CasillasActionFeedback[0m
[ 91%] [34m[1mGenerating Python from MSG detector_tablero/CasillasGoal[0m
[ 93%] [34m[1mGenerating Python from MSG detector_tablero/CasillasFeedback[0m
[ 95%] [34m[1mGenerating Python from MSG detector_tablero/CasillasResult[0m
[ 95%] Built target detector_tablero_generate_messages_lisp
[ 97%] Built target detector_tablero_generate_messages_eus
[ 97%] Built target detector_tablero_generate_messages_cpp
[100%] [34m[1mGenerating Python msg __init__.py for detector_tablero[0m
[100%] Built target detector_tablero_generate_messages_py
[100%] Built target detector_tablero_generate_messages
