[  0%] Built target std_msgs_generate_messages_lisp
[  0%] Built target geometry_msgs_generate_messages_lisp
[  0%] Built target actionlib_msgs_generate_messages_lisp
[  0%] Built target geometry_msgs_generate_messages_nodejs
[  0%] Built target _detector_tablero_generate_messages_check_deps_CasillasFeedback
[  0%] Built target _detector_tablero_generate_messages_check_deps_Cell
[  0%] Built target _detector_tablero_generate_messages_check_deps_CasillasAction
[  0%] Built target _detector_tablero_generate_messages_check_deps_CasillasGoal
[  0%] Built target _detector_tablero_generate_messages_check_deps_CasillasResult
[  0%] Built target _detector_tablero_generate_messages_check_deps_CasillasActionGoal
[  0%] Built target _detector_tablero_generate_messages_check_deps_Ficha
[  0%] Built target actionlib_msgs_generate_messages_nodejs
[  0%] Built target std_msgs_generate_messages_py
[  0%] Built target geometry_msgs_generate_messages_py
[  0%] Built target std_msgs_generate_messages_nodejs
[  0%] Built target actionlib_msgs_generate_messages_py
[  0%] Built target _detector_tablero_generate_messages_check_deps_CasillasActionResult
[  0%] Built target geometry_msgs_generate_messages_eus
[  0%] Built target actionlib_msgs_generate_messages_eus
[  0%] Built target std_msgs_generate_messages_eus
[  0%] Built target _detector_tablero_generate_messages_check_deps_CasillasActionFeedback
[  0%] Built target geometry_msgs_generate_messages_cpp
[  0%] Built target actionlib_msgs_generate_messages_cpp
[  0%] Built target std_msgs_generate_messages_cpp
[ 25%] Built target detector_tablero_generate_messages_py
[ 40%] Built target detector_tablero_generate_messages_lisp
[ 61%] Built target detector_tablero_generate_messages_eus
[ 80%] Built target detector_tablero_generate_messages_nodejs
[100%] Built target detector_tablero_generate_messages_cpp
[100%] Built target detector_tablero_generate_messages
