Symlinking /home/laboratorio/ros_workspace/devel/share/gennodejs/ros/detector_tablero/_index.js
Symlinking /home/laboratorio/ros_workspace/devel/share/gennodejs/ros/detector_tablero/msg/CasillasActionResult.js
Symlinking /home/laboratorio/ros_workspace/devel/share/gennodejs/ros/detector_tablero/msg/CasillasGoal.js
Symlinking /home/laboratorio/ros_workspace/devel/share/gennodejs/ros/detector_tablero/msg/CasillasResult.js
Symlinking /home/laboratorio/ros_workspace/devel/share/gennodejs/ros/detector_tablero/msg/CasillasActionGoal.js
Symlinking /home/laboratorio/ros_workspace/devel/share/gennodejs/ros/detector_tablero/msg/CasillasFeedback.js
Symlinking /home/laboratorio/ros_workspace/devel/share/gennodejs/ros/detector_tablero/msg/CasillasActionFeedback.js
Symlinking /home/laboratorio/ros_workspace/devel/share/gennodejs/ros/detector_tablero/msg/CasillasAction.js
Symlinking /home/laboratorio/ros_workspace/devel/share/gennodejs/ros/detector_tablero/msg/Tablero.js
Symlinking /home/laboratorio/ros_workspace/devel/share/gennodejs/ros/detector_tablero/msg/_index.js
Symlinking /home/laboratorio/ros_workspace/devel/share/roseus/ros/detector_tablero/manifest.l
Symlinking /home/laboratorio/ros_workspace/devel/share/roseus/ros/detector_tablero/msg/CasillasActionResult.l
Symlinking /home/laboratorio/ros_workspace/devel/share/roseus/ros/detector_tablero/msg/CasillasActionGoal.l
Symlinking /home/laboratorio/ros_workspace/devel/share/roseus/ros/detector_tablero/msg/CasillasFeedback.l
Symlinking /home/laboratorio/ros_workspace/devel/share/roseus/ros/detector_tablero/msg/CasillasAction.l
Symlinking /home/laboratorio/ros_workspace/devel/share/roseus/ros/detector_tablero/msg/CasillasGoal.l
Symlinking /home/laboratorio/ros_workspace/devel/share/roseus/ros/detector_tablero/msg/CasillasResult.l
Symlinking /home/laboratorio/ros_workspace/devel/share/roseus/ros/detector_tablero/msg/Tablero.l
Symlinking /home/laboratorio/ros_workspace/devel/share/roseus/ros/detector_tablero/msg/CasillasActionFeedback.l
Symlinking /home/laboratorio/ros_workspace/devel/share/common-lisp/ros/detector_tablero/msg/CasillasResult.lisp
Symlinking /home/laboratorio/ros_workspace/devel/share/common-lisp/ros/detector_tablero/msg/Tablero.lisp
Symlinking /home/laboratorio/ros_workspace/devel/share/common-lisp/ros/detector_tablero/msg/_package_CasillasActionGoal.lisp
Symlinking /home/laboratorio/ros_workspace/devel/share/common-lisp/ros/detector_tablero/msg/_package_CasillasResult.lisp
Symlinking /home/laboratorio/ros_workspace/devel/share/common-lisp/ros/detector_tablero/msg/_package_CasillasActionFeedback.lisp
Symlinking /home/laboratorio/ros_workspace/devel/share/common-lisp/ros/detector_tablero/msg/_package.lisp
Symlinking /home/laboratorio/ros_workspace/devel/share/common-lisp/ros/detector_tablero/msg/CasillasActionGoal.lisp
Symlinking /home/laboratorio/ros_workspace/devel/share/common-lisp/ros/detector_tablero/msg/CasillasGoal.lisp
Symlinking /home/laboratorio/ros_workspace/devel/share/common-lisp/ros/detector_tablero/msg/_package_CasillasGoal.lisp
Symlinking /home/laboratorio/ros_workspace/devel/share/common-lisp/ros/detector_tablero/msg/CasillasActionFeedback.lisp
Symlinking /home/laboratorio/ros_workspace/devel/share/common-lisp/ros/detector_tablero/msg/detector_tablero-msg.asd
Symlinking /home/laboratorio/ros_workspace/devel/share/common-lisp/ros/detector_tablero/msg/_package_CasillasFeedback.lisp
Symlinking /home/laboratorio/ros_workspace/devel/share/common-lisp/ros/detector_tablero/msg/CasillasActionResult.lisp
Symlinking /home/laboratorio/ros_workspace/devel/share/common-lisp/ros/detector_tablero/msg/CasillasFeedback.lisp
Symlinking /home/laboratorio/ros_workspace/devel/share/common-lisp/ros/detector_tablero/msg/_package_CasillasAction.lisp
Symlinking /home/laboratorio/ros_workspace/devel/share/common-lisp/ros/detector_tablero/msg/CasillasAction.lisp
Symlinking /home/laboratorio/ros_workspace/devel/share/common-lisp/ros/detector_tablero/msg/_package_CasillasActionResult.lisp
Symlinking /home/laboratorio/ros_workspace/devel/share/common-lisp/ros/detector_tablero/msg/_package_Tablero.lisp
Symlinking /home/laboratorio/ros_workspace/devel/share/detector_tablero/msg/CasillasFeedback.msg
Symlinking /home/laboratorio/ros_workspace/devel/share/detector_tablero/msg/CasillasAction.msg
Symlinking /home/laboratorio/ros_workspace/devel/share/detector_tablero/msg/CasillasActionResult.msg
Symlinking /home/laboratorio/ros_workspace/devel/share/detector_tablero/msg/CasillasActionGoal.msg
Symlinking /home/laboratorio/ros_workspace/devel/share/detector_tablero/msg/CasillasResult.msg
Symlinking /home/laboratorio/ros_workspace/devel/share/detector_tablero/msg/CasillasActionFeedback.msg
Symlinking /home/laboratorio/ros_workspace/devel/share/detector_tablero/msg/CasillasGoal.msg
Linked: (/home/laboratorio/ros_workspace/devel/.private/detector_tablero/share/detector_tablero/cmake/detector_tableroConfig-version.cmake, /home/laboratorio/ros_workspace/devel/share/detector_tablero/cmake/detector_tableroConfig-version.cmake)
Symlinking /home/laboratorio/ros_workspace/devel/share/detector_tablero/cmake/detector_tablero-msg-extras.cmake
Linked: (/home/laboratorio/ros_workspace/devel/.private/detector_tablero/share/detector_tablero/cmake/detector_tableroConfig.cmake, /home/laboratorio/ros_workspace/devel/share/detector_tablero/cmake/detector_tableroConfig.cmake)
Symlinking /home/laboratorio/ros_workspace/devel/share/detector_tablero/cmake/detector_tablero-msg-paths.cmake
Symlinking /home/laboratorio/ros_workspace/devel/lib/python3/dist-packages/detector_tablero/msg/_CasillasResult.py
Symlinking /home/laboratorio/ros_workspace/devel/lib/python3/dist-packages/detector_tablero/msg/_CasillasGoal.py
Symlinking /home/laboratorio/ros_workspace/devel/lib/python3/dist-packages/detector_tablero/msg/_CasillasActionGoal.py
Symlinking /home/laboratorio/ros_workspace/devel/lib/python3/dist-packages/detector_tablero/msg/__init__.py
Symlinking /home/laboratorio/ros_workspace/devel/lib/python3/dist-packages/detector_tablero/msg/_CasillasFeedback.py
Symlinking /home/laboratorio/ros_workspace/devel/lib/python3/dist-packages/detector_tablero/msg/_Tablero.py
Symlinking /home/laboratorio/ros_workspace/devel/lib/python3/dist-packages/detector_tablero/msg/_CasillasAction.py
Symlinking /home/laboratorio/ros_workspace/devel/lib/python3/dist-packages/detector_tablero/msg/_CasillasActionFeedback.py
Symlinking /home/laboratorio/ros_workspace/devel/lib/python3/dist-packages/detector_tablero/msg/_CasillasActionResult.py
Linked: (/home/laboratorio/ros_workspace/devel/.private/detector_tablero/lib/pkgconfig/detector_tablero.pc, /home/laboratorio/ros_workspace/devel/lib/pkgconfig/detector_tablero.pc)
Symlinking /home/laboratorio/ros_workspace/devel/include/detector_tablero/CasillasActionFeedback.h
Symlinking /home/laboratorio/ros_workspace/devel/include/detector_tablero/CasillasActionResult.h
Symlinking /home/laboratorio/ros_workspace/devel/include/detector_tablero/CasillasActionGoal.h
Symlinking /home/laboratorio/ros_workspace/devel/include/detector_tablero/Tablero.h
Symlinking /home/laboratorio/ros_workspace/devel/include/detector_tablero/CasillasFeedback.h
Symlinking /home/laboratorio/ros_workspace/devel/include/detector_tablero/CasillasAction.h
Symlinking /home/laboratorio/ros_workspace/devel/include/detector_tablero/CasillasResult.h
Symlinking /home/laboratorio/ros_workspace/devel/include/detector_tablero/CasillasGoal.h
