[  0%] Built target actionlib_msgs_generate_messages_lisp
[  0%] Built target std_msgs_generate_messages_lisp
[  0%] Built target geometry_msgs_generate_messages_lisp
[  0%] Built target std_msgs_generate_messages_nodejs
[  0%] Built target actionlib_msgs_generate_messages_nodejs
[  0%] Built target _detector_tablero_generate_messages_check_deps_CasillasActionFeedback
[  0%] Built target _detector_tablero_generate_messages_check_deps_CasillasFeedback
[  0%] Built target std_msgs_generate_messages_py
[  0%] Built target geometry_msgs_generate_messages_nodejs
[  0%] Built target _detector_tablero_generate_messages_check_deps_CasillasActionGoal
[  0%] Built target _detector_tablero_generate_messages_check_deps_CasillasAction
[  0%] Built target _detector_tablero_generate_messages_check_deps_Tablero
[  0%] Built target _detector_tablero_generate_messages_check_deps_CasillasGoal
[  0%] Built target _detector_tablero_generate_messages_check_deps_CasillasActionResult
[  0%] Built target actionlib_msgs_generate_messages_py
[  0%] Built target geometry_msgs_generate_messages_py
[  0%] Built target actionlib_msgs_generate_messages_eus
[  0%] Built target std_msgs_generate_messages_eus
[  0%] Built target geometry_msgs_generate_messages_eus
[  0%] Built target geometry_msgs_generate_messages_cpp
[  0%] Built target actionlib_msgs_generate_messages_cpp
[  0%] Built target _detector_tablero_generate_messages_check_deps_CasillasResult
[  0%] Built target std_msgs_generate_messages_cpp
[ 90%] Built target detector_tablero_generate_messages_nodejs
[ 90%] Built target detector_tablero_generate_messages_eus
[ 90%] Built target detector_tablero_generate_messages_lisp
[ 90%] Built target detector_tablero_generate_messages_py
[100%] Built target detector_tablero_generate_messages_cpp
[100%] Built target detector_tablero_generate_messages
