Linked: (/home/laboratorio/ros_workspace/devel/.private/detector_tablero/share/gennodejs/ros/detector_tablero/_index.js, /home/laboratorio/ros_workspace/devel/share/gennodejs/ros/detector_tablero/_index.js)
Linked: (/home/laboratorio/ros_workspace/devel/.private/detector_tablero/share/gennodejs/ros/detector_tablero/msg/CasillasActionResult.js, /home/laboratorio/ros_workspace/devel/share/gennodejs/ros/detector_tablero/msg/CasillasActionResult.js)
Linked: (/home/laboratorio/ros_workspace/devel/.private/detector_tablero/share/gennodejs/ros/detector_tablero/msg/CasillasGoal.js, /home/laboratorio/ros_workspace/devel/share/gennodejs/ros/detector_tablero/msg/CasillasGoal.js)
Linked: (/home/laboratorio/ros_workspace/devel/.private/detector_tablero/share/gennodejs/ros/detector_tablero/msg/Cell.js, /home/laboratorio/ros_workspace/devel/share/gennodejs/ros/detector_tablero/msg/Cell.js)
Linked: (/home/laboratorio/ros_workspace/devel/.private/detector_tablero/share/gennodejs/ros/detector_tablero/msg/CasillasResult.js, /home/laboratorio/ros_workspace/devel/share/gennodejs/ros/detector_tablero/msg/CasillasResult.js)
Symlinking /home/laboratorio/ros_workspace/devel/share/gennodejs/ros/detector_tablero/msg/Ficha.js
Linked: (/home/laboratorio/ros_workspace/devel/.private/detector_tablero/share/gennodejs/ros/detector_tablero/msg/CasillasActionGoal.js, /home/laboratorio/ros_workspace/devel/share/gennodejs/ros/detector_tablero/msg/CasillasActionGoal.js)
Linked: (/home/laboratorio/ros_workspace/devel/.private/detector_tablero/share/gennodejs/ros/detector_tablero/msg/CasillasFeedback.js, /home/laboratorio/ros_workspace/devel/share/gennodejs/ros/detector_tablero/msg/CasillasFeedback.js)
Linked: (/home/laboratorio/ros_workspace/devel/.private/detector_tablero/share/gennodejs/ros/detector_tablero/msg/CasillasActionFeedback.js, /home/laboratorio/ros_workspace/devel/share/gennodejs/ros/detector_tablero/msg/CasillasActionFeedback.js)
Linked: (/home/laboratorio/ros_workspace/devel/.private/detector_tablero/share/gennodejs/ros/detector_tablero/msg/CasillasAction.js, /home/laboratorio/ros_workspace/devel/share/gennodejs/ros/detector_tablero/msg/CasillasAction.js)
Linked: (/home/laboratorio/ros_workspace/devel/.private/detector_tablero/share/gennodejs/ros/detector_tablero/msg/Tablero.js, /home/laboratorio/ros_workspace/devel/share/gennodejs/ros/detector_tablero/msg/Tablero.js)
Linked: (/home/laboratorio/ros_workspace/devel/.private/detector_tablero/share/gennodejs/ros/detector_tablero/msg/_index.js, /home/laboratorio/ros_workspace/devel/share/gennodejs/ros/detector_tablero/msg/_index.js)
Linked: (/home/laboratorio/ros_workspace/devel/.private/detector_tablero/share/roseus/ros/detector_tablero/manifest.l, /home/laboratorio/ros_workspace/devel/share/roseus/ros/detector_tablero/manifest.l)
Symlinking /home/laboratorio/ros_workspace/devel/share/roseus/ros/detector_tablero/msg/Ficha.l
Linked: (/home/laboratorio/ros_workspace/devel/.private/detector_tablero/share/roseus/ros/detector_tablero/msg/CasillasActionResult.l, /home/laboratorio/ros_workspace/devel/share/roseus/ros/detector_tablero/msg/CasillasActionResult.l)
Linked: (/home/laboratorio/ros_workspace/devel/.private/detector_tablero/share/roseus/ros/detector_tablero/msg/Cell.l, /home/laboratorio/ros_workspace/devel/share/roseus/ros/detector_tablero/msg/Cell.l)
Linked: (/home/laboratorio/ros_workspace/devel/.private/detector_tablero/share/roseus/ros/detector_tablero/msg/CasillasActionGoal.l, /home/laboratorio/ros_workspace/devel/share/roseus/ros/detector_tablero/msg/CasillasActionGoal.l)
Linked: (/home/laboratorio/ros_workspace/devel/.private/detector_tablero/share/roseus/ros/detector_tablero/msg/CasillasFeedback.l, /home/laboratorio/ros_workspace/devel/share/roseus/ros/detector_tablero/msg/CasillasFeedback.l)
Linked: (/home/laboratorio/ros_workspace/devel/.private/detector_tablero/share/roseus/ros/detector_tablero/msg/CasillasAction.l, /home/laboratorio/ros_workspace/devel/share/roseus/ros/detector_tablero/msg/CasillasAction.l)
Linked: (/home/laboratorio/ros_workspace/devel/.private/detector_tablero/share/roseus/ros/detector_tablero/msg/CasillasGoal.l, /home/laboratorio/ros_workspace/devel/share/roseus/ros/detector_tablero/msg/CasillasGoal.l)
Linked: (/home/laboratorio/ros_workspace/devel/.private/detector_tablero/share/roseus/ros/detector_tablero/msg/CasillasResult.l, /home/laboratorio/ros_workspace/devel/share/roseus/ros/detector_tablero/msg/CasillasResult.l)
Linked: (/home/laboratorio/ros_workspace/devel/.private/detector_tablero/share/roseus/ros/detector_tablero/msg/Tablero.l, /home/laboratorio/ros_workspace/devel/share/roseus/ros/detector_tablero/msg/Tablero.l)
Linked: (/home/laboratorio/ros_workspace/devel/.private/detector_tablero/share/roseus/ros/detector_tablero/msg/CasillasActionFeedback.l, /home/laboratorio/ros_workspace/devel/share/roseus/ros/detector_tablero/msg/CasillasActionFeedback.l)
Linked: (/home/laboratorio/ros_workspace/devel/.private/detector_tablero/share/common-lisp/ros/detector_tablero/msg/CasillasResult.lisp, /home/laboratorio/ros_workspace/devel/share/common-lisp/ros/detector_tablero/msg/CasillasResult.lisp)
Symlinking /home/laboratorio/ros_workspace/devel/share/common-lisp/ros/detector_tablero/msg/Ficha.lisp
Linked: (/home/laboratorio/ros_workspace/devel/.private/detector_tablero/share/common-lisp/ros/detector_tablero/msg/Tablero.lisp, /home/laboratorio/ros_workspace/devel/share/common-lisp/ros/detector_tablero/msg/Tablero.lisp)
Linked: (/home/laboratorio/ros_workspace/devel/.private/detector_tablero/share/common-lisp/ros/detector_tablero/msg/_package_CasillasActionGoal.lisp, /home/laboratorio/ros_workspace/devel/share/common-lisp/ros/detector_tablero/msg/_package_CasillasActionGoal.lisp)
Linked: (/home/laboratorio/ros_workspace/devel/.private/detector_tablero/share/common-lisp/ros/detector_tablero/msg/_package_CasillasResult.lisp, /home/laboratorio/ros_workspace/devel/share/common-lisp/ros/detector_tablero/msg/_package_CasillasResult.lisp)
Linked: (/home/laboratorio/ros_workspace/devel/.private/detector_tablero/share/common-lisp/ros/detector_tablero/msg/_package_CasillasActionFeedback.lisp, /home/laboratorio/ros_workspace/devel/share/common-lisp/ros/detector_tablero/msg/_package_CasillasActionFeedback.lisp)
Linked: (/home/laboratorio/ros_workspace/devel/.private/detector_tablero/share/common-lisp/ros/detector_tablero/msg/_package.lisp, /home/laboratorio/ros_workspace/devel/share/common-lisp/ros/detector_tablero/msg/_package.lisp)
Linked: (/home/laboratorio/ros_workspace/devel/.private/detector_tablero/share/common-lisp/ros/detector_tablero/msg/CasillasActionGoal.lisp, /home/laboratorio/ros_workspace/devel/share/common-lisp/ros/detector_tablero/msg/CasillasActionGoal.lisp)
Linked: (/home/laboratorio/ros_workspace/devel/.private/detector_tablero/share/common-lisp/ros/detector_tablero/msg/CasillasGoal.lisp, /home/laboratorio/ros_workspace/devel/share/common-lisp/ros/detector_tablero/msg/CasillasGoal.lisp)
Linked: (/home/laboratorio/ros_workspace/devel/.private/detector_tablero/share/common-lisp/ros/detector_tablero/msg/_package_Cell.lisp, /home/laboratorio/ros_workspace/devel/share/common-lisp/ros/detector_tablero/msg/_package_Cell.lisp)
Linked: (/home/laboratorio/ros_workspace/devel/.private/detector_tablero/share/common-lisp/ros/detector_tablero/msg/_package_CasillasGoal.lisp, /home/laboratorio/ros_workspace/devel/share/common-lisp/ros/detector_tablero/msg/_package_CasillasGoal.lisp)
Linked: (/home/laboratorio/ros_workspace/devel/.private/detector_tablero/share/common-lisp/ros/detector_tablero/msg/CasillasActionFeedback.lisp, /home/laboratorio/ros_workspace/devel/share/common-lisp/ros/detector_tablero/msg/CasillasActionFeedback.lisp)
Linked: (/home/laboratorio/ros_workspace/devel/.private/detector_tablero/share/common-lisp/ros/detector_tablero/msg/detector_tablero-msg.asd, /home/laboratorio/ros_workspace/devel/share/common-lisp/ros/detector_tablero/msg/detector_tablero-msg.asd)
Linked: (/home/laboratorio/ros_workspace/devel/.private/detector_tablero/share/common-lisp/ros/detector_tablero/msg/Cell.lisp, /home/laboratorio/ros_workspace/devel/share/common-lisp/ros/detector_tablero/msg/Cell.lisp)
Linked: (/home/laboratorio/ros_workspace/devel/.private/detector_tablero/share/common-lisp/ros/detector_tablero/msg/_package_CasillasFeedback.lisp, /home/laboratorio/ros_workspace/devel/share/common-lisp/ros/detector_tablero/msg/_package_CasillasFeedback.lisp)
Symlinking /home/laboratorio/ros_workspace/devel/share/common-lisp/ros/detector_tablero/msg/_package_Ficha.lisp
Linked: (/home/laboratorio/ros_workspace/devel/.private/detector_tablero/share/common-lisp/ros/detector_tablero/msg/CasillasActionResult.lisp, /home/laboratorio/ros_workspace/devel/share/common-lisp/ros/detector_tablero/msg/CasillasActionResult.lisp)
Linked: (/home/laboratorio/ros_workspace/devel/.private/detector_tablero/share/common-lisp/ros/detector_tablero/msg/CasillasFeedback.lisp, /home/laboratorio/ros_workspace/devel/share/common-lisp/ros/detector_tablero/msg/CasillasFeedback.lisp)
Linked: (/home/laboratorio/ros_workspace/devel/.private/detector_tablero/share/common-lisp/ros/detector_tablero/msg/_package_CasillasAction.lisp, /home/laboratorio/ros_workspace/devel/share/common-lisp/ros/detector_tablero/msg/_package_CasillasAction.lisp)
Linked: (/home/laboratorio/ros_workspace/devel/.private/detector_tablero/share/common-lisp/ros/detector_tablero/msg/CasillasAction.lisp, /home/laboratorio/ros_workspace/devel/share/common-lisp/ros/detector_tablero/msg/CasillasAction.lisp)
Linked: (/home/laboratorio/ros_workspace/devel/.private/detector_tablero/share/common-lisp/ros/detector_tablero/msg/_package_CasillasActionResult.lisp, /home/laboratorio/ros_workspace/devel/share/common-lisp/ros/detector_tablero/msg/_package_CasillasActionResult.lisp)
Linked: (/home/laboratorio/ros_workspace/devel/.private/detector_tablero/share/common-lisp/ros/detector_tablero/msg/_package_Tablero.lisp, /home/laboratorio/ros_workspace/devel/share/common-lisp/ros/detector_tablero/msg/_package_Tablero.lisp)
Linked: (/home/laboratorio/ros_workspace/devel/.private/detector_tablero/share/detector_tablero/msg/CasillasFeedback.msg, /home/laboratorio/ros_workspace/devel/share/detector_tablero/msg/CasillasFeedback.msg)
Linked: (/home/laboratorio/ros_workspace/devel/.private/detector_tablero/share/detector_tablero/msg/CasillasAction.msg, /home/laboratorio/ros_workspace/devel/share/detector_tablero/msg/CasillasAction.msg)
Linked: (/home/laboratorio/ros_workspace/devel/.private/detector_tablero/share/detector_tablero/msg/CasillasActionResult.msg, /home/laboratorio/ros_workspace/devel/share/detector_tablero/msg/CasillasActionResult.msg)
Linked: (/home/laboratorio/ros_workspace/devel/.private/detector_tablero/share/detector_tablero/msg/CasillasActionGoal.msg, /home/laboratorio/ros_workspace/devel/share/detector_tablero/msg/CasillasActionGoal.msg)
Linked: (/home/laboratorio/ros_workspace/devel/.private/detector_tablero/share/detector_tablero/msg/CasillasResult.msg, /home/laboratorio/ros_workspace/devel/share/detector_tablero/msg/CasillasResult.msg)
Linked: (/home/laboratorio/ros_workspace/devel/.private/detector_tablero/share/detector_tablero/msg/CasillasActionFeedback.msg, /home/laboratorio/ros_workspace/devel/share/detector_tablero/msg/CasillasActionFeedback.msg)
Linked: (/home/laboratorio/ros_workspace/devel/.private/detector_tablero/share/detector_tablero/msg/CasillasGoal.msg, /home/laboratorio/ros_workspace/devel/share/detector_tablero/msg/CasillasGoal.msg)
Linked: (/home/laboratorio/ros_workspace/devel/.private/detector_tablero/share/detector_tablero/cmake/detector_tableroConfig-version.cmake, /home/laboratorio/ros_workspace/devel/share/detector_tablero/cmake/detector_tableroConfig-version.cmake)
Linked: (/home/laboratorio/ros_workspace/devel/.private/detector_tablero/share/detector_tablero/cmake/detector_tablero-msg-extras.cmake, /home/laboratorio/ros_workspace/devel/share/detector_tablero/cmake/detector_tablero-msg-extras.cmake)
Linked: (/home/laboratorio/ros_workspace/devel/.private/detector_tablero/share/detector_tablero/cmake/detector_tableroConfig.cmake, /home/laboratorio/ros_workspace/devel/share/detector_tablero/cmake/detector_tableroConfig.cmake)
Linked: (/home/laboratorio/ros_workspace/devel/.private/detector_tablero/share/detector_tablero/cmake/detector_tablero-msg-paths.cmake, /home/laboratorio/ros_workspace/devel/share/detector_tablero/cmake/detector_tablero-msg-paths.cmake)
Linked: (/home/laboratorio/ros_workspace/devel/.private/detector_tablero/lib/python3/dist-packages/detector_tablero/msg/_CasillasResult.py, /home/laboratorio/ros_workspace/devel/lib/python3/dist-packages/detector_tablero/msg/_CasillasResult.py)
Linked: (/home/laboratorio/ros_workspace/devel/.private/detector_tablero/lib/python3/dist-packages/detector_tablero/msg/_Cell.py, /home/laboratorio/ros_workspace/devel/lib/python3/dist-packages/detector_tablero/msg/_Cell.py)
Linked: (/home/laboratorio/ros_workspace/devel/.private/detector_tablero/lib/python3/dist-packages/detector_tablero/msg/_CasillasGoal.py, /home/laboratorio/ros_workspace/devel/lib/python3/dist-packages/detector_tablero/msg/_CasillasGoal.py)
Linked: (/home/laboratorio/ros_workspace/devel/.private/detector_tablero/lib/python3/dist-packages/detector_tablero/msg/_CasillasActionGoal.py, /home/laboratorio/ros_workspace/devel/lib/python3/dist-packages/detector_tablero/msg/_CasillasActionGoal.py)
Linked: (/home/laboratorio/ros_workspace/devel/.private/detector_tablero/lib/python3/dist-packages/detector_tablero/msg/__init__.py, /home/laboratorio/ros_workspace/devel/lib/python3/dist-packages/detector_tablero/msg/__init__.py)
Linked: (/home/laboratorio/ros_workspace/devel/.private/detector_tablero/lib/python3/dist-packages/detector_tablero/msg/_CasillasFeedback.py, /home/laboratorio/ros_workspace/devel/lib/python3/dist-packages/detector_tablero/msg/_CasillasFeedback.py)
Linked: (/home/laboratorio/ros_workspace/devel/.private/detector_tablero/lib/python3/dist-packages/detector_tablero/msg/_Tablero.py, /home/laboratorio/ros_workspace/devel/lib/python3/dist-packages/detector_tablero/msg/_Tablero.py)
Linked: (/home/laboratorio/ros_workspace/devel/.private/detector_tablero/lib/python3/dist-packages/detector_tablero/msg/_CasillasAction.py, /home/laboratorio/ros_workspace/devel/lib/python3/dist-packages/detector_tablero/msg/_CasillasAction.py)
Linked: (/home/laboratorio/ros_workspace/devel/.private/detector_tablero/lib/python3/dist-packages/detector_tablero/msg/_CasillasActionFeedback.py, /home/laboratorio/ros_workspace/devel/lib/python3/dist-packages/detector_tablero/msg/_CasillasActionFeedback.py)
Symlinking /home/laboratorio/ros_workspace/devel/lib/python3/dist-packages/detector_tablero/msg/_Ficha.py
Linked: (/home/laboratorio/ros_workspace/devel/.private/detector_tablero/lib/python3/dist-packages/detector_tablero/msg/_CasillasActionResult.py, /home/laboratorio/ros_workspace/devel/lib/python3/dist-packages/detector_tablero/msg/_CasillasActionResult.py)
Linked: (/home/laboratorio/ros_workspace/devel/.private/detector_tablero/lib/pkgconfig/detector_tablero.pc, /home/laboratorio/ros_workspace/devel/lib/pkgconfig/detector_tablero.pc)
Linked: (/home/laboratorio/ros_workspace/devel/.private/detector_tablero/include/detector_tablero/CasillasActionFeedback.h, /home/laboratorio/ros_workspace/devel/include/detector_tablero/CasillasActionFeedback.h)
Linked: (/home/laboratorio/ros_workspace/devel/.private/detector_tablero/include/detector_tablero/CasillasActionResult.h, /home/laboratorio/ros_workspace/devel/include/detector_tablero/CasillasActionResult.h)
Linked: (/home/laboratorio/ros_workspace/devel/.private/detector_tablero/include/detector_tablero/CasillasActionGoal.h, /home/laboratorio/ros_workspace/devel/include/detector_tablero/CasillasActionGoal.h)
Linked: (/home/laboratorio/ros_workspace/devel/.private/detector_tablero/include/detector_tablero/Tablero.h, /home/laboratorio/ros_workspace/devel/include/detector_tablero/Tablero.h)
Linked: (/home/laboratorio/ros_workspace/devel/.private/detector_tablero/include/detector_tablero/Cell.h, /home/laboratorio/ros_workspace/devel/include/detector_tablero/Cell.h)
Linked: (/home/laboratorio/ros_workspace/devel/.private/detector_tablero/include/detector_tablero/CasillasFeedback.h, /home/laboratorio/ros_workspace/devel/include/detector_tablero/CasillasFeedback.h)
Linked: (/home/laboratorio/ros_workspace/devel/.private/detector_tablero/include/detector_tablero/CasillasAction.h, /home/laboratorio/ros_workspace/devel/include/detector_tablero/CasillasAction.h)
Symlinking /home/laboratorio/ros_workspace/devel/include/detector_tablero/Ficha.h
Linked: (/home/laboratorio/ros_workspace/devel/.private/detector_tablero/include/detector_tablero/CasillasResult.h, /home/laboratorio/ros_workspace/devel/include/detector_tablero/CasillasResult.h)
Linked: (/home/laboratorio/ros_workspace/devel/.private/detector_tablero/include/detector_tablero/CasillasGoal.h, /home/laboratorio/ros_workspace/devel/include/detector_tablero/CasillasGoal.h)
