[35m[1mScanning dependencies of target _detector_tablero_generate_messages_check_deps_CasillasAction[0m
[35m[1mScanning dependencies of target _detector_tablero_generate_messages_check_deps_CasillasActionResult[0m
[35m[1mScanning dependencies of target _detector_tablero_generate_messages_check_deps_Tablero[0m
[35m[1mScanning dependencies of target _detector_tablero_generate_messages_check_deps_CasillasFeedback[0m
[35m[1mScanning dependencies of target _detector_tablero_generate_messages_check_deps_CasillasGoal[0m
[35m[1mScanning dependencies of target std_msgs_generate_messages_lisp[0m
[35m[1mScanning dependencies of target geometry_msgs_generate_messages_lisp[0m
[35m[1mScanning dependencies of target actionlib_msgs_generate_messages_lisp[0m
[35m[1mScanning dependencies of target _detector_tablero_generate_messages_check_deps_CasillasActionGoal[0m
[35m[1mScanning dependencies of target _detector_tablero_generate_messages_check_deps_CasillasActionFeedback[0m
[35m[1mScanning dependencies of target _detector_tablero_generate_messages_check_deps_CasillasResult[0m
[  0%] Built target std_msgs_generate_messages_lisp
[  0%] Built target actionlib_msgs_generate_messages_lisp
[  0%] Built target geometry_msgs_generate_messages_lisp
[35m[1mScanning dependencies of target std_msgs_generate_messages_nodejs[0m
[35m[1mScanning dependencies of target actionlib_msgs_generate_messages_nodejs[0m
[35m[1mScanning dependencies of target geometry_msgs_generate_messages_nodejs[0m
[  0%] Built target std_msgs_generate_messages_nodejs
[  0%] Built target geometry_msgs_generate_messages_nodejs
[  0%] Built target actionlib_msgs_generate_messages_nodejs
[35m[1mScanning dependencies of target std_msgs_generate_messages_py[0m
[35m[1mScanning dependencies of target geometry_msgs_generate_messages_py[0m
[35m[1mScanning dependencies of target actionlib_msgs_generate_messages_py[0m
[  0%] Built target _detector_tablero_generate_messages_check_deps_CasillasActionResult
[  0%] Built target _detector_tablero_generate_messages_check_deps_CasillasAction
[  0%] Built target _detector_tablero_generate_messages_check_deps_CasillasFeedback
[  0%] Built target _detector_tablero_generate_messages_check_deps_CasillasActionFeedback
[  0%] Built target _detector_tablero_generate_messages_check_deps_CasillasGoal
[  0%] Built target std_msgs_generate_messages_py
[  0%] Built target _detector_tablero_generate_messages_check_deps_CasillasActionGoal
[  0%] Built target _detector_tablero_generate_messages_check_deps_Tablero
[  0%] Built target geometry_msgs_generate_messages_py
[  0%] Built target actionlib_msgs_generate_messages_py
[35m[1mScanning dependencies of target std_msgs_generate_messages_eus[0m
[35m[1mScanning dependencies of target actionlib_msgs_generate_messages_eus[0m
[  0%] Built target _detector_tablero_generate_messages_check_deps_CasillasResult
[35m[1mScanning dependencies of target geometry_msgs_generate_messages_cpp[0m
[35m[1mScanning dependencies of target geometry_msgs_generate_messages_eus[0m
[35m[1mScanning dependencies of target actionlib_msgs_generate_messages_cpp[0m
[35m[1mScanning dependencies of target std_msgs_generate_messages_cpp[0m
[  0%] Built target actionlib_msgs_generate_messages_eus
[  0%] Built target std_msgs_generate_messages_eus
[35m[1mScanning dependencies of target detector_tablero_generate_messages_nodejs[0m
[35m[1mScanning dependencies of target detector_tablero_generate_messages_lisp[0m
[  0%] Built target geometry_msgs_generate_messages_eus
[  0%] Built target actionlib_msgs_generate_messages_cpp
[35m[1mScanning dependencies of target detector_tablero_generate_messages_py[0m
[  0%] Built target geometry_msgs_generate_messages_cpp
[  0%] Built target std_msgs_generate_messages_cpp
[  2%] [34m[1mGenerating Javascript code from detector_tablero/CasillasActionFeedback.msg[0m
[  4%] [34m[1mGenerating Python from MSG detector_tablero/Tablero[0m
[ 11%] [34m[1mGenerating Lisp code from detector_tablero/Tablero.msg[0m
[ 11%] [34m[1mGenerating Javascript code from detector_tablero/CasillasAction.msg[0m
[ 16%] [34m[1mGenerating Javascript code from detector_tablero/CasillasActionGoal.msg[0m
[ 11%] [34m[1mGenerating Javascript code from detector_tablero/Tablero.msg[0m
[ 14%] [34m[1mGenerating Lisp code from detector_tablero/CasillasActionGoal.msg[0m
[ 19%] [34m[1mGenerating Lisp code from detector_tablero/CasillasAction.msg[0m
[ 21%] [34m[1mGenerating Javascript code from detector_tablero/CasillasActionResult.msg[0m
[ 23%] [34m[1mGenerating Lisp code from detector_tablero/CasillasActionResult.msg[0m
[ 26%] [34m[1mGenerating Lisp code from detector_tablero/CasillasActionFeedback.msg[0m
[ 28%] [34m[1mGenerating Lisp code from detector_tablero/CasillasGoal.msg[0m
[ 30%] [34m[1mGenerating Lisp code from detector_tablero/CasillasResult.msg[0m
[ 33%] [34m[1mGenerating Lisp code from detector_tablero/CasillasFeedback.msg[0m
[ 35%] [34m[1mGenerating Javascript code from detector_tablero/CasillasGoal.msg[0m
[35m[1mScanning dependencies of target detector_tablero_generate_messages_eus[0m
[ 40%] [34m[1mGenerating Javascript code from detector_tablero/CasillasFeedback.msg[0m
[ 40%] [34m[1mGenerating Python from MSG detector_tablero/CasillasAction[0m
[35m[1mScanning dependencies of target detector_tablero_generate_messages_cpp[0m
[ 42%] [34m[1mGenerating Python from MSG detector_tablero/CasillasActionGoal[0m
[ 45%] [34m[1mGenerating Javascript code from detector_tablero/CasillasResult.msg[0m
[ 47%] [34m[1mGenerating Python from MSG detector_tablero/CasillasActionResult[0m
[ 50%] [34m[1mGenerating EusLisp code from detector_tablero/Tablero.msg[0m
[ 52%] [34m[1mGenerating EusLisp code from detector_tablero/CasillasAction.msg[0m
[ 54%] [34m[1mGenerating C++ code from detector_tablero/Tablero.msg[0m
[ 57%] [34m[1mGenerating EusLisp code from detector_tablero/CasillasActionGoal.msg[0m
[ 59%] [34m[1mGenerating C++ code from detector_tablero/CasillasAction.msg[0m
[ 59%] Built target detector_tablero_generate_messages_lisp
[ 61%] [34m[1mGenerating C++ code from detector_tablero/CasillasActionGoal.msg[0m
[ 64%] [34m[1mGenerating EusLisp code from detector_tablero/CasillasActionResult.msg[0m
[ 66%] [34m[1mGenerating Python from MSG detector_tablero/CasillasActionFeedback[0m
[ 66%] Built target detector_tablero_generate_messages_nodejs
[ 69%] [34m[1mGenerating EusLisp code from detector_tablero/CasillasActionFeedback.msg[0m
[ 71%] [34m[1mGenerating EusLisp code from detector_tablero/CasillasGoal.msg[0m
[ 73%] [34m[1mGenerating EusLisp code from detector_tablero/CasillasResult.msg[0m
[ 78%] [34m[1mGenerating EusLisp code from detector_tablero/CasillasFeedback.msg[0m
[ 78%] [34m[1mGenerating Python from MSG detector_tablero/CasillasGoal[0m
[ 83%] [34m[1mGenerating EusLisp manifest code for detector_tablero[0m
[ 83%] [34m[1mGenerating Python from MSG detector_tablero/CasillasResult[0m
[ 85%] [34m[1mGenerating Python from MSG detector_tablero/CasillasFeedback[0m
[ 88%] [34m[1mGenerating C++ code from detector_tablero/CasillasActionResult.msg[0m
[ 90%] [34m[1mGenerating C++ code from detector_tablero/CasillasActionFeedback.msg[0m
[ 95%] [34m[1mGenerating C++ code from detector_tablero/CasillasGoal.msg[0m
[ 97%] [34m[1mGenerating C++ code from detector_tablero/CasillasFeedback.msg[0m
[ 97%] [34m[1mGenerating C++ code from detector_tablero/CasillasResult.msg[0m
[100%] [34m[1mGenerating Python msg __init__.py for detector_tablero[0m
[100%] Built target detector_tablero_generate_messages_cpp
[100%] Built target detector_tablero_generate_messages_py
[100%] Built target detector_tablero_generate_messages_eus
[35m[1mScanning dependencies of target detector_tablero_generate_messages[0m
[100%] Built target detector_tablero_generate_messages
