[35m[1mScanning dependencies of target _detector_tablero_generate_messages_check_deps_Cell[0m
[  0%] Built target std_msgs_generate_messages_lisp
[  0%] Built target geometry_msgs_generate_messages_lisp
[  0%] Built target actionlib_msgs_generate_messages_lisp
[  0%] Built target actionlib_msgs_generate_messages_nodejs
[  0%] Built target std_msgs_generate_messages_nodejs
[  0%] Built target actionlib_msgs_generate_messages_py
[  0%] Built target _detector_tablero_generate_messages_check_deps_Tablero
[  0%] Built target std_msgs_generate_messages_py
[  0%] Built target _detector_tablero_generate_messages_check_deps_CasillasActionGoal
[  0%] Built target _detector_tablero_generate_messages_check_deps_CasillasFeedback
[  0%] Built target geometry_msgs_generate_messages_nodejs
[  0%] Built target _detector_tablero_generate_messages_check_deps_CasillasActionResult
[  0%] Built target _detector_tablero_generate_messages_check_deps_Cell
[  0%] Built target _detector_tablero_generate_messages_check_deps_CasillasAction
[  0%] Built target _detector_tablero_generate_messages_check_deps_CasillasActionFeedback
[  0%] Built target _detector_tablero_generate_messages_check_deps_CasillasGoal
[  0%] Built target _detector_tablero_generate_messages_check_deps_CasillasResult
[  0%] Built target actionlib_msgs_generate_messages_eus
[  0%] Built target std_msgs_generate_messages_eus
[  0%] Built target geometry_msgs_generate_messages_py
[  0%] Built target geometry_msgs_generate_messages_eus
[  0%] Built target std_msgs_generate_messages_cpp
[  0%] Built target actionlib_msgs_generate_messages_cpp
[  0%] Built target geometry_msgs_generate_messages_cpp
[  4%] [34m[1mGenerating Javascript code from detector_tablero/Cell.msg[0m
[  4%] [34m[1mGenerating Lisp code from detector_tablero/Cell.msg[0m
[  8%] [34m[1mGenerating Python from MSG detector_tablero/Cell[0m
[  8%] [34m[1mGenerating EusLisp code from detector_tablero/Cell.msg[0m
[ 10%] [34m[1mGenerating C++ code from detector_tablero/Cell.msg[0m
[ 27%] Built target detector_tablero_generate_messages_lisp
[ 44%] Built target detector_tablero_generate_messages_nodejs
[ 63%] Built target detector_tablero_generate_messages_eus
[ 80%] Built target detector_tablero_generate_messages_cpp
[ 82%] [34m[1mGenerating Python msg __init__.py for detector_tablero[0m
[100%] Built target detector_tablero_generate_messages_py
[100%] Built target detector_tablero_generate_messages
