[  0%] Built target std_msgs_generate_messages_cpp
[  0%] Built target actionlib_msgs_generate_messages_cpp
[  0%] Built target _gestos_robot_pkg_generate_messages_check_deps_GestoAction
[  0%] Built target _gestos_robot_pkg_generate_messages_check_deps_GestoGoal
[  0%] Built target _gestos_robot_pkg_generate_messages_check_deps_GestoActionGoal
[  0%] Built target _gestos_robot_pkg_generate_messages_check_deps_GestoFeedback
[  0%] Built target _gestos_robot_pkg_generate_messages_check_deps_GestoResult
[  0%] Built target _gestos_robot_pkg_generate_messages_check_deps_DiceReadFeedback
[  0%] Built target _gestos_robot_pkg_generate_messages_check_deps_DiceReadActionGoal
[  0%] Built target _gestos_robot_pkg_generate_messages_check_deps_Gesture
[  0%] Built target _gestos_robot_pkg_generate_messages_check_deps_DiceReadAction
[  0%] Built target _gestos_robot_pkg_generate_messages_check_deps_DiceReadActionResult
[  0%] Built target actionlib_msgs_generate_messages_py
[  0%] Built target std_msgs_generate_messages_lisp
[  0%] Built target std_msgs_generate_messages_py
[  0%] Built target actionlib_msgs_generate_messages_lisp
[  0%] Built target _gestos_robot_pkg_generate_messages_check_deps_DiceReadGoal
[  0%] Built target std_msgs_generate_messages_eus
[  0%] Built target actionlib_msgs_generate_messages_eus
[  0%] Built target actionlib_msgs_generate_messages_nodejs
[  0%] Built target _gestos_robot_pkg_generate_messages_check_deps_DiceReadActionFeedback
[  0%] Built target std_msgs_generate_messages_nodejs
[  0%] Built target _gestos_robot_pkg_generate_messages_check_deps_DiceReadResult
[  0%] Built target _gestos_robot_pkg_generate_messages_check_deps_GestoActionResult
[  0%] Built target _gestos_robot_pkg_generate_messages_check_deps_GestoActionFeedback
[ 77%] Built target gestos_robot_pkg_generate_messages_cpp
[ 77%] Built target gestos_robot_pkg_generate_messages_lisp
[ 77%] Built target gestos_robot_pkg_generate_messages_nodejs
[ 79%] Built target gestos_robot_pkg_generate_messages_eus
[100%] Built target gestos_robot_pkg_generate_messages_py
[100%] Built target gestos_robot_pkg_generate_messages
