[  0%] Built target _gestos_robot_pkg_generate_messages_check_deps_GestoResult
[  0%] Built target std_msgs_generate_messages_cpp
[  0%] Built target actionlib_msgs_generate_messages_cpp
[  0%] Built target _gestos_robot_pkg_generate_messages_check_deps_GestoFeedback
[  0%] Built target _gestos_robot_pkg_generate_messages_check_deps_DiceReadFeedback
[  0%] Built target _gestos_robot_pkg_generate_messages_check_deps_GestoAction
[  0%] Built target _gestos_robot_pkg_generate_messages_check_deps_GestoGoal
[  0%] Built target _gestos_robot_pkg_generate_messages_check_deps_GestoActionGoal
[  0%] Built target _gestos_robot_pkg_generate_messages_check_deps_Gesture
[  0%] Built target _gestos_robot_pkg_generate_messages_check_deps_DiceReadActionResult
[  0%] Built target _gestos_robot_pkg_generate_messages_check_deps_DiceReadActionGoal
[  0%] Built target _gestos_robot_pkg_generate_messages_check_deps_DiceReadActionFeedback
[  0%] Built target _gestos_robot_pkg_generate_messages_check_deps_DiceReadAction
[  0%] Built target std_msgs_generate_messages_py
[  0%] Built target _gestos_robot_pkg_generate_messages_check_deps_DiceReadGoal
[  0%] Built target actionlib_msgs_generate_messages_py
[  0%] Built target std_msgs_generate_messages_lisp
[  0%] Built target _gestos_robot_pkg_generate_messages_check_deps_DiceReadResult
[  0%] Built target actionlib_msgs_generate_messages_lisp
[  0%] Built target std_msgs_generate_messages_eus
[  0%] Built target _gestos_robot_pkg_generate_messages_check_deps_GestoActionResult
[  0%] Built target _gestos_robot_pkg_generate_messages_check_deps_GestoActionFeedback
[  0%] Built target actionlib_msgs_generate_messages_eus
[  0%] Built target std_msgs_generate_messages_nodejs
[  0%] Built target actionlib_msgs_generate_messages_nodejs
[  1%] [34m[1mGenerating C++ code from gestos_robot_pkg/DiceReadAction.msg[0m
[  2%] [34m[1mGenerating C++ code from gestos_robot_pkg/DiceReadActionGoal.msg[0m
[  3%] [34m[1mGenerating C++ code from gestos_robot_pkg/DiceReadActionResult.msg[0m
[  5%] [34m[1mGenerating C++ code from gestos_robot_pkg/DiceReadActionFeedback.msg[0m
[  6%] [34m[1mGenerating Lisp code from gestos_robot_pkg/DiceReadAction.msg[0m
[  7%] [34m[1mGenerating Python from MSG gestos_robot_pkg/DiceReadAction[0m
[  9%] [34m[1mGenerating C++ code from gestos_robot_pkg/DiceReadGoal.msg[0m
[ 10%] [34m[1mGenerating C++ code from gestos_robot_pkg/DiceReadResult.msg[0m
[ 31%] Built target gestos_robot_pkg_generate_messages_eus
[ 32%] [34m[1mGenerating C++ code from gestos_robot_pkg/DiceReadFeedback.msg[0m
[ 33%] [34m[1mGenerating Lisp code from gestos_robot_pkg/DiceReadActionFeedback.msg[0m
[ 35%] [34m[1mGenerating C++ code from gestos_robot_pkg/GestoAction.msg[0m
[ 36%] [34m[1mGenerating C++ code from gestos_robot_pkg/GestoActionGoal.msg[0m
[ 37%] [34m[1mGenerating C++ code from gestos_robot_pkg/GestoActionResult.msg[0m
[ 38%] [34m[1mGenerating C++ code from gestos_robot_pkg/GestoActionFeedback.msg[0m
[ 40%] [34m[1mGenerating C++ code from gestos_robot_pkg/GestoGoal.msg[0m
[ 57%] Built target gestos_robot_pkg_generate_messages_lisp
[ 58%] [34m[1mGenerating Python from MSG gestos_robot_pkg/DiceReadActionGoal[0m
[ 77%] Built target gestos_robot_pkg_generate_messages_nodejs
[ 79%] [34m[1mGenerating Python from MSG gestos_robot_pkg/DiceReadActionResult[0m
[ 80%] [34m[1mGenerating C++ code from gestos_robot_pkg/GestoResult.msg[0m
[ 81%] [34m[1mGenerating C++ code from gestos_robot_pkg/GestoFeedback.msg[0m
[ 83%] [34m[1mGenerating Python from MSG gestos_robot_pkg/DiceReadGoal[0m
[ 84%] [34m[1mGenerating Python from MSG gestos_robot_pkg/DiceReadActionFeedback[0m
[ 85%] [34m[1mGenerating Python from MSG gestos_robot_pkg/DiceReadResult[0m
[ 87%] [34m[1mGenerating Python from MSG gestos_robot_pkg/GestoAction[0m
[ 88%] [34m[1mGenerating Python from MSG gestos_robot_pkg/DiceReadFeedback[0m
[ 89%] [34m[1mGenerating Python from MSG gestos_robot_pkg/GestoActionGoal[0m
[ 90%] Built target gestos_robot_pkg_generate_messages_cpp
[ 92%] [34m[1mGenerating Python from MSG gestos_robot_pkg/GestoActionResult[0m
[ 93%] [34m[1mGenerating Python from MSG gestos_robot_pkg/GestoActionFeedback[0m
[ 94%] [34m[1mGenerating Python from MSG gestos_robot_pkg/GestoGoal[0m
[ 96%] [34m[1mGenerating Python from MSG gestos_robot_pkg/GestoResult[0m
[ 97%] [34m[1mGenerating Python from MSG gestos_robot_pkg/GestoFeedback[0m
[ 98%] [34m[1mGenerating Python msg __init__.py for gestos_robot_pkg[0m
[100%] Built target gestos_robot_pkg_generate_messages_py
[100%] Built target gestos_robot_pkg_generate_messages
