Linked: (/home/laboratorio/ros_workspace/devel/.private/gestos_robot_pkg/share/gennodejs/ros/gestos_robot_pkg/_index.js, /home/laboratorio/ros_workspace/devel/share/gennodejs/ros/gestos_robot_pkg/_index.js)
Linked: (/home/laboratorio/ros_workspace/devel/.private/gestos_robot_pkg/share/gennodejs/ros/gestos_robot_pkg/msg/DiceReadActionResult.js, /home/laboratorio/ros_workspace/devel/share/gennodejs/ros/gestos_robot_pkg/msg/DiceReadActionResult.js)
Linked: (/home/laboratorio/ros_workspace/devel/.private/gestos_robot_pkg/share/gennodejs/ros/gestos_robot_pkg/msg/DiceReadActionFeedback.js, /home/laboratorio/ros_workspace/devel/share/gennodejs/ros/gestos_robot_pkg/msg/DiceReadActionFeedback.js)
Linked: (/home/laboratorio/ros_workspace/devel/.private/gestos_robot_pkg/share/gennodejs/ros/gestos_robot_pkg/msg/DiceReadFeedback.js, /home/laboratorio/ros_workspace/devel/share/gennodejs/ros/gestos_robot_pkg/msg/DiceReadFeedback.js)
Linked: (/home/laboratorio/ros_workspace/devel/.private/gestos_robot_pkg/share/gennodejs/ros/gestos_robot_pkg/msg/DiceReadResult.js, /home/laboratorio/ros_workspace/devel/share/gennodejs/ros/gestos_robot_pkg/msg/DiceReadResult.js)
Linked: (/home/laboratorio/ros_workspace/devel/.private/gestos_robot_pkg/share/gennodejs/ros/gestos_robot_pkg/msg/Gesture.js, /home/laboratorio/ros_workspace/devel/share/gennodejs/ros/gestos_robot_pkg/msg/Gesture.js)
Linked: (/home/laboratorio/ros_workspace/devel/.private/gestos_robot_pkg/share/gennodejs/ros/gestos_robot_pkg/msg/DiceReadAction.js, /home/laboratorio/ros_workspace/devel/share/gennodejs/ros/gestos_robot_pkg/msg/DiceReadAction.js)
Linked: (/home/laboratorio/ros_workspace/devel/.private/gestos_robot_pkg/share/gennodejs/ros/gestos_robot_pkg/msg/GestoActionFeedback.js, /home/laboratorio/ros_workspace/devel/share/gennodejs/ros/gestos_robot_pkg/msg/GestoActionFeedback.js)
Linked: (/home/laboratorio/ros_workspace/devel/.private/gestos_robot_pkg/share/gennodejs/ros/gestos_robot_pkg/msg/GestoFeedback.js, /home/laboratorio/ros_workspace/devel/share/gennodejs/ros/gestos_robot_pkg/msg/GestoFeedback.js)
Linked: (/home/laboratorio/ros_workspace/devel/.private/gestos_robot_pkg/share/gennodejs/ros/gestos_robot_pkg/msg/GestoGoal.js, /home/laboratorio/ros_workspace/devel/share/gennodejs/ros/gestos_robot_pkg/msg/GestoGoal.js)
Linked: (/home/laboratorio/ros_workspace/devel/.private/gestos_robot_pkg/share/gennodejs/ros/gestos_robot_pkg/msg/GestoActionResult.js, /home/laboratorio/ros_workspace/devel/share/gennodejs/ros/gestos_robot_pkg/msg/GestoActionResult.js)
Linked: (/home/laboratorio/ros_workspace/devel/.private/gestos_robot_pkg/share/gennodejs/ros/gestos_robot_pkg/msg/GestoAction.js, /home/laboratorio/ros_workspace/devel/share/gennodejs/ros/gestos_robot_pkg/msg/GestoAction.js)
Linked: (/home/laboratorio/ros_workspace/devel/.private/gestos_robot_pkg/share/gennodejs/ros/gestos_robot_pkg/msg/_index.js, /home/laboratorio/ros_workspace/devel/share/gennodejs/ros/gestos_robot_pkg/msg/_index.js)
Linked: (/home/laboratorio/ros_workspace/devel/.private/gestos_robot_pkg/share/gennodejs/ros/gestos_robot_pkg/msg/DiceReadActionGoal.js, /home/laboratorio/ros_workspace/devel/share/gennodejs/ros/gestos_robot_pkg/msg/DiceReadActionGoal.js)
Linked: (/home/laboratorio/ros_workspace/devel/.private/gestos_robot_pkg/share/gennodejs/ros/gestos_robot_pkg/msg/DiceReadGoal.js, /home/laboratorio/ros_workspace/devel/share/gennodejs/ros/gestos_robot_pkg/msg/DiceReadGoal.js)
Linked: (/home/laboratorio/ros_workspace/devel/.private/gestos_robot_pkg/share/gennodejs/ros/gestos_robot_pkg/msg/GestoActionGoal.js, /home/laboratorio/ros_workspace/devel/share/gennodejs/ros/gestos_robot_pkg/msg/GestoActionGoal.js)
Linked: (/home/laboratorio/ros_workspace/devel/.private/gestos_robot_pkg/share/gennodejs/ros/gestos_robot_pkg/msg/GestoResult.js, /home/laboratorio/ros_workspace/devel/share/gennodejs/ros/gestos_robot_pkg/msg/GestoResult.js)
Linked: (/home/laboratorio/ros_workspace/devel/.private/gestos_robot_pkg/share/roseus/ros/gestos_robot_pkg/manifest.l, /home/laboratorio/ros_workspace/devel/share/roseus/ros/gestos_robot_pkg/manifest.l)
Linked: (/home/laboratorio/ros_workspace/devel/.private/gestos_robot_pkg/share/roseus/ros/gestos_robot_pkg/msg/GestoAction.l, /home/laboratorio/ros_workspace/devel/share/roseus/ros/gestos_robot_pkg/msg/GestoAction.l)
Linked: (/home/laboratorio/ros_workspace/devel/.private/gestos_robot_pkg/share/roseus/ros/gestos_robot_pkg/msg/GestoFeedback.l, /home/laboratorio/ros_workspace/devel/share/roseus/ros/gestos_robot_pkg/msg/GestoFeedback.l)
Linked: (/home/laboratorio/ros_workspace/devel/.private/gestos_robot_pkg/share/roseus/ros/gestos_robot_pkg/msg/DiceReadResult.l, /home/laboratorio/ros_workspace/devel/share/roseus/ros/gestos_robot_pkg/msg/DiceReadResult.l)
Linked: (/home/laboratorio/ros_workspace/devel/.private/gestos_robot_pkg/share/roseus/ros/gestos_robot_pkg/msg/GestoActionFeedback.l, /home/laboratorio/ros_workspace/devel/share/roseus/ros/gestos_robot_pkg/msg/GestoActionFeedback.l)
Linked: (/home/laboratorio/ros_workspace/devel/.private/gestos_robot_pkg/share/roseus/ros/gestos_robot_pkg/msg/DiceReadActionResult.l, /home/laboratorio/ros_workspace/devel/share/roseus/ros/gestos_robot_pkg/msg/DiceReadActionResult.l)
Linked: (/home/laboratorio/ros_workspace/devel/.private/gestos_robot_pkg/share/roseus/ros/gestos_robot_pkg/msg/GestoResult.l, /home/laboratorio/ros_workspace/devel/share/roseus/ros/gestos_robot_pkg/msg/GestoResult.l)
Linked: (/home/laboratorio/ros_workspace/devel/.private/gestos_robot_pkg/share/roseus/ros/gestos_robot_pkg/msg/Gesture.l, /home/laboratorio/ros_workspace/devel/share/roseus/ros/gestos_robot_pkg/msg/Gesture.l)
Linked: (/home/laboratorio/ros_workspace/devel/.private/gestos_robot_pkg/share/roseus/ros/gestos_robot_pkg/msg/DiceReadActionGoal.l, /home/laboratorio/ros_workspace/devel/share/roseus/ros/gestos_robot_pkg/msg/DiceReadActionGoal.l)
Linked: (/home/laboratorio/ros_workspace/devel/.private/gestos_robot_pkg/share/roseus/ros/gestos_robot_pkg/msg/GestoActionResult.l, /home/laboratorio/ros_workspace/devel/share/roseus/ros/gestos_robot_pkg/msg/GestoActionResult.l)
Linked: (/home/laboratorio/ros_workspace/devel/.private/gestos_robot_pkg/share/roseus/ros/gestos_robot_pkg/msg/GestoActionGoal.l, /home/laboratorio/ros_workspace/devel/share/roseus/ros/gestos_robot_pkg/msg/GestoActionGoal.l)
Linked: (/home/laboratorio/ros_workspace/devel/.private/gestos_robot_pkg/share/roseus/ros/gestos_robot_pkg/msg/DiceReadActionFeedback.l, /home/laboratorio/ros_workspace/devel/share/roseus/ros/gestos_robot_pkg/msg/DiceReadActionFeedback.l)
Linked: (/home/laboratorio/ros_workspace/devel/.private/gestos_robot_pkg/share/roseus/ros/gestos_robot_pkg/msg/DiceReadFeedback.l, /home/laboratorio/ros_workspace/devel/share/roseus/ros/gestos_robot_pkg/msg/DiceReadFeedback.l)
Linked: (/home/laboratorio/ros_workspace/devel/.private/gestos_robot_pkg/share/roseus/ros/gestos_robot_pkg/msg/DiceReadGoal.l, /home/laboratorio/ros_workspace/devel/share/roseus/ros/gestos_robot_pkg/msg/DiceReadGoal.l)
Linked: (/home/laboratorio/ros_workspace/devel/.private/gestos_robot_pkg/share/roseus/ros/gestos_robot_pkg/msg/DiceReadAction.l, /home/laboratorio/ros_workspace/devel/share/roseus/ros/gestos_robot_pkg/msg/DiceReadAction.l)
Linked: (/home/laboratorio/ros_workspace/devel/.private/gestos_robot_pkg/share/roseus/ros/gestos_robot_pkg/msg/GestoGoal.l, /home/laboratorio/ros_workspace/devel/share/roseus/ros/gestos_robot_pkg/msg/GestoGoal.l)
Linked: (/home/laboratorio/ros_workspace/devel/.private/gestos_robot_pkg/share/gestos_robot_pkg/msg/GestoActionFeedback.msg, /home/laboratorio/ros_workspace/devel/share/gestos_robot_pkg/msg/GestoActionFeedback.msg)
Linked: (/home/laboratorio/ros_workspace/devel/.private/gestos_robot_pkg/share/gestos_robot_pkg/msg/GestoActionGoal.msg, /home/laboratorio/ros_workspace/devel/share/gestos_robot_pkg/msg/GestoActionGoal.msg)
Linked: (/home/laboratorio/ros_workspace/devel/.private/gestos_robot_pkg/share/gestos_robot_pkg/msg/DiceReadActionGoal.msg, /home/laboratorio/ros_workspace/devel/share/gestos_robot_pkg/msg/DiceReadActionGoal.msg)
Linked: (/home/laboratorio/ros_workspace/devel/.private/gestos_robot_pkg/share/gestos_robot_pkg/msg/DiceReadResult.msg, /home/laboratorio/ros_workspace/devel/share/gestos_robot_pkg/msg/DiceReadResult.msg)
Linked: (/home/laboratorio/ros_workspace/devel/.private/gestos_robot_pkg/share/gestos_robot_pkg/msg/GestoGoal.msg, /home/laboratorio/ros_workspace/devel/share/gestos_robot_pkg/msg/GestoGoal.msg)
Linked: (/home/laboratorio/ros_workspace/devel/.private/gestos_robot_pkg/share/gestos_robot_pkg/msg/GestoActionResult.msg, /home/laboratorio/ros_workspace/devel/share/gestos_robot_pkg/msg/GestoActionResult.msg)
Linked: (/home/laboratorio/ros_workspace/devel/.private/gestos_robot_pkg/share/gestos_robot_pkg/msg/DiceReadActionFeedback.msg, /home/laboratorio/ros_workspace/devel/share/gestos_robot_pkg/msg/DiceReadActionFeedback.msg)
Linked: (/home/laboratorio/ros_workspace/devel/.private/gestos_robot_pkg/share/gestos_robot_pkg/msg/DiceReadActionResult.msg, /home/laboratorio/ros_workspace/devel/share/gestos_robot_pkg/msg/DiceReadActionResult.msg)
Linked: (/home/laboratorio/ros_workspace/devel/.private/gestos_robot_pkg/share/gestos_robot_pkg/msg/DiceReadFeedback.msg, /home/laboratorio/ros_workspace/devel/share/gestos_robot_pkg/msg/DiceReadFeedback.msg)
Linked: (/home/laboratorio/ros_workspace/devel/.private/gestos_robot_pkg/share/gestos_robot_pkg/msg/DiceReadAction.msg, /home/laboratorio/ros_workspace/devel/share/gestos_robot_pkg/msg/DiceReadAction.msg)
Linked: (/home/laboratorio/ros_workspace/devel/.private/gestos_robot_pkg/share/gestos_robot_pkg/msg/GestoResult.msg, /home/laboratorio/ros_workspace/devel/share/gestos_robot_pkg/msg/GestoResult.msg)
Linked: (/home/laboratorio/ros_workspace/devel/.private/gestos_robot_pkg/share/gestos_robot_pkg/msg/GestoAction.msg, /home/laboratorio/ros_workspace/devel/share/gestos_robot_pkg/msg/GestoAction.msg)
Linked: (/home/laboratorio/ros_workspace/devel/.private/gestos_robot_pkg/share/gestos_robot_pkg/msg/GestoFeedback.msg, /home/laboratorio/ros_workspace/devel/share/gestos_robot_pkg/msg/GestoFeedback.msg)
Linked: (/home/laboratorio/ros_workspace/devel/.private/gestos_robot_pkg/share/gestos_robot_pkg/msg/DiceReadGoal.msg, /home/laboratorio/ros_workspace/devel/share/gestos_robot_pkg/msg/DiceReadGoal.msg)
Linked: (/home/laboratorio/ros_workspace/devel/.private/gestos_robot_pkg/share/gestos_robot_pkg/cmake/gestos_robot_pkgConfig-version.cmake, /home/laboratorio/ros_workspace/devel/share/gestos_robot_pkg/cmake/gestos_robot_pkgConfig-version.cmake)
Linked: (/home/laboratorio/ros_workspace/devel/.private/gestos_robot_pkg/share/gestos_robot_pkg/cmake/gestos_robot_pkg-msg-extras.cmake, /home/laboratorio/ros_workspace/devel/share/gestos_robot_pkg/cmake/gestos_robot_pkg-msg-extras.cmake)
Linked: (/home/laboratorio/ros_workspace/devel/.private/gestos_robot_pkg/share/gestos_robot_pkg/cmake/gestos_robot_pkgConfig.cmake, /home/laboratorio/ros_workspace/devel/share/gestos_robot_pkg/cmake/gestos_robot_pkgConfig.cmake)
Linked: (/home/laboratorio/ros_workspace/devel/.private/gestos_robot_pkg/share/gestos_robot_pkg/cmake/gestos_robot_pkg-msg-paths.cmake, /home/laboratorio/ros_workspace/devel/share/gestos_robot_pkg/cmake/gestos_robot_pkg-msg-paths.cmake)
Linked: (/home/laboratorio/ros_workspace/devel/.private/gestos_robot_pkg/share/common-lisp/ros/gestos_robot_pkg/msg/_package_GestoActionGoal.lisp, /home/laboratorio/ros_workspace/devel/share/common-lisp/ros/gestos_robot_pkg/msg/_package_GestoActionGoal.lisp)
Linked: (/home/laboratorio/ros_workspace/devel/.private/gestos_robot_pkg/share/common-lisp/ros/gestos_robot_pkg/msg/_package_DiceReadGoal.lisp, /home/laboratorio/ros_workspace/devel/share/common-lisp/ros/gestos_robot_pkg/msg/_package_DiceReadGoal.lisp)
Linked: (/home/laboratorio/ros_workspace/devel/.private/gestos_robot_pkg/share/common-lisp/ros/gestos_robot_pkg/msg/_package_GestoAction.lisp, /home/laboratorio/ros_workspace/devel/share/common-lisp/ros/gestos_robot_pkg/msg/_package_GestoAction.lisp)
Linked: (/home/laboratorio/ros_workspace/devel/.private/gestos_robot_pkg/share/common-lisp/ros/gestos_robot_pkg/msg/GestoGoal.lisp, /home/laboratorio/ros_workspace/devel/share/common-lisp/ros/gestos_robot_pkg/msg/GestoGoal.lisp)
Linked: (/home/laboratorio/ros_workspace/devel/.private/gestos_robot_pkg/share/common-lisp/ros/gestos_robot_pkg/msg/Gesture.lisp, /home/laboratorio/ros_workspace/devel/share/common-lisp/ros/gestos_robot_pkg/msg/Gesture.lisp)
Linked: (/home/laboratorio/ros_workspace/devel/.private/gestos_robot_pkg/share/common-lisp/ros/gestos_robot_pkg/msg/_package.lisp, /home/laboratorio/ros_workspace/devel/share/common-lisp/ros/gestos_robot_pkg/msg/_package.lisp)
Linked: (/home/laboratorio/ros_workspace/devel/.private/gestos_robot_pkg/share/common-lisp/ros/gestos_robot_pkg/msg/gestos_robot_pkg-msg.asd, /home/laboratorio/ros_workspace/devel/share/common-lisp/ros/gestos_robot_pkg/msg/gestos_robot_pkg-msg.asd)
Linked: (/home/laboratorio/ros_workspace/devel/.private/gestos_robot_pkg/share/common-lisp/ros/gestos_robot_pkg/msg/_package_Gesture.lisp, /home/laboratorio/ros_workspace/devel/share/common-lisp/ros/gestos_robot_pkg/msg/_package_Gesture.lisp)
Linked: (/home/laboratorio/ros_workspace/devel/.private/gestos_robot_pkg/share/common-lisp/ros/gestos_robot_pkg/msg/_package_DiceReadFeedback.lisp, /home/laboratorio/ros_workspace/devel/share/common-lisp/ros/gestos_robot_pkg/msg/_package_DiceReadFeedback.lisp)
Linked: (/home/laboratorio/ros_workspace/devel/.private/gestos_robot_pkg/share/common-lisp/ros/gestos_robot_pkg/msg/GestoFeedback.lisp, /home/laboratorio/ros_workspace/devel/share/common-lisp/ros/gestos_robot_pkg/msg/GestoFeedback.lisp)
Linked: (/home/laboratorio/ros_workspace/devel/.private/gestos_robot_pkg/share/common-lisp/ros/gestos_robot_pkg/msg/DiceReadActionGoal.lisp, /home/laboratorio/ros_workspace/devel/share/common-lisp/ros/gestos_robot_pkg/msg/DiceReadActionGoal.lisp)
Linked: (/home/laboratorio/ros_workspace/devel/.private/gestos_robot_pkg/share/common-lisp/ros/gestos_robot_pkg/msg/DiceReadGoal.lisp, /home/laboratorio/ros_workspace/devel/share/common-lisp/ros/gestos_robot_pkg/msg/DiceReadGoal.lisp)
Linked: (/home/laboratorio/ros_workspace/devel/.private/gestos_robot_pkg/share/common-lisp/ros/gestos_robot_pkg/msg/_package_GestoGoal.lisp, /home/laboratorio/ros_workspace/devel/share/common-lisp/ros/gestos_robot_pkg/msg/_package_GestoGoal.lisp)
Linked: (/home/laboratorio/ros_workspace/devel/.private/gestos_robot_pkg/share/common-lisp/ros/gestos_robot_pkg/msg/DiceReadAction.lisp, /home/laboratorio/ros_workspace/devel/share/common-lisp/ros/gestos_robot_pkg/msg/DiceReadAction.lisp)
Linked: (/home/laboratorio/ros_workspace/devel/.private/gestos_robot_pkg/share/common-lisp/ros/gestos_robot_pkg/msg/GestoResult.lisp, /home/laboratorio/ros_workspace/devel/share/common-lisp/ros/gestos_robot_pkg/msg/GestoResult.lisp)
Linked: (/home/laboratorio/ros_workspace/devel/.private/gestos_robot_pkg/share/common-lisp/ros/gestos_robot_pkg/msg/GestoActionResult.lisp, /home/laboratorio/ros_workspace/devel/share/common-lisp/ros/gestos_robot_pkg/msg/GestoActionResult.lisp)
Linked: (/home/laboratorio/ros_workspace/devel/.private/gestos_robot_pkg/share/common-lisp/ros/gestos_robot_pkg/msg/_package_GestoResult.lisp, /home/laboratorio/ros_workspace/devel/share/common-lisp/ros/gestos_robot_pkg/msg/_package_GestoResult.lisp)
Linked: (/home/laboratorio/ros_workspace/devel/.private/gestos_robot_pkg/share/common-lisp/ros/gestos_robot_pkg/msg/_package_DiceReadAction.lisp, /home/laboratorio/ros_workspace/devel/share/common-lisp/ros/gestos_robot_pkg/msg/_package_DiceReadAction.lisp)
Linked: (/home/laboratorio/ros_workspace/devel/.private/gestos_robot_pkg/share/common-lisp/ros/gestos_robot_pkg/msg/GestoAction.lisp, /home/laboratorio/ros_workspace/devel/share/common-lisp/ros/gestos_robot_pkg/msg/GestoAction.lisp)
Linked: (/home/laboratorio/ros_workspace/devel/.private/gestos_robot_pkg/share/common-lisp/ros/gestos_robot_pkg/msg/_package_GestoFeedback.lisp, /home/laboratorio/ros_workspace/devel/share/common-lisp/ros/gestos_robot_pkg/msg/_package_GestoFeedback.lisp)
Linked: (/home/laboratorio/ros_workspace/devel/.private/gestos_robot_pkg/share/common-lisp/ros/gestos_robot_pkg/msg/_package_DiceReadResult.lisp, /home/laboratorio/ros_workspace/devel/share/common-lisp/ros/gestos_robot_pkg/msg/_package_DiceReadResult.lisp)
Linked: (/home/laboratorio/ros_workspace/devel/.private/gestos_robot_pkg/share/common-lisp/ros/gestos_robot_pkg/msg/DiceReadActionFeedback.lisp, /home/laboratorio/ros_workspace/devel/share/common-lisp/ros/gestos_robot_pkg/msg/DiceReadActionFeedback.lisp)
Linked: (/home/laboratorio/ros_workspace/devel/.private/gestos_robot_pkg/share/common-lisp/ros/gestos_robot_pkg/msg/_package_DiceReadActionResult.lisp, /home/laboratorio/ros_workspace/devel/share/common-lisp/ros/gestos_robot_pkg/msg/_package_DiceReadActionResult.lisp)
Linked: (/home/laboratorio/ros_workspace/devel/.private/gestos_robot_pkg/share/common-lisp/ros/gestos_robot_pkg/msg/_package_GestoActionResult.lisp, /home/laboratorio/ros_workspace/devel/share/common-lisp/ros/gestos_robot_pkg/msg/_package_GestoActionResult.lisp)
Linked: (/home/laboratorio/ros_workspace/devel/.private/gestos_robot_pkg/share/common-lisp/ros/gestos_robot_pkg/msg/GestoActionGoal.lisp, /home/laboratorio/ros_workspace/devel/share/common-lisp/ros/gestos_robot_pkg/msg/GestoActionGoal.lisp)
Linked: (/home/laboratorio/ros_workspace/devel/.private/gestos_robot_pkg/share/common-lisp/ros/gestos_robot_pkg/msg/DiceReadActionResult.lisp, /home/laboratorio/ros_workspace/devel/share/common-lisp/ros/gestos_robot_pkg/msg/DiceReadActionResult.lisp)
Linked: (/home/laboratorio/ros_workspace/devel/.private/gestos_robot_pkg/share/common-lisp/ros/gestos_robot_pkg/msg/_package_DiceReadActionFeedback.lisp, /home/laboratorio/ros_workspace/devel/share/common-lisp/ros/gestos_robot_pkg/msg/_package_DiceReadActionFeedback.lisp)
Linked: (/home/laboratorio/ros_workspace/devel/.private/gestos_robot_pkg/share/common-lisp/ros/gestos_robot_pkg/msg/DiceReadResult.lisp, /home/laboratorio/ros_workspace/devel/share/common-lisp/ros/gestos_robot_pkg/msg/DiceReadResult.lisp)
Linked: (/home/laboratorio/ros_workspace/devel/.private/gestos_robot_pkg/share/common-lisp/ros/gestos_robot_pkg/msg/_package_DiceReadActionGoal.lisp, /home/laboratorio/ros_workspace/devel/share/common-lisp/ros/gestos_robot_pkg/msg/_package_DiceReadActionGoal.lisp)
Linked: (/home/laboratorio/ros_workspace/devel/.private/gestos_robot_pkg/share/common-lisp/ros/gestos_robot_pkg/msg/GestoActionFeedback.lisp, /home/laboratorio/ros_workspace/devel/share/common-lisp/ros/gestos_robot_pkg/msg/GestoActionFeedback.lisp)
Linked: (/home/laboratorio/ros_workspace/devel/.private/gestos_robot_pkg/share/common-lisp/ros/gestos_robot_pkg/msg/_package_GestoActionFeedback.lisp, /home/laboratorio/ros_workspace/devel/share/common-lisp/ros/gestos_robot_pkg/msg/_package_GestoActionFeedback.lisp)
Linked: (/home/laboratorio/ros_workspace/devel/.private/gestos_robot_pkg/share/common-lisp/ros/gestos_robot_pkg/msg/DiceReadFeedback.lisp, /home/laboratorio/ros_workspace/devel/share/common-lisp/ros/gestos_robot_pkg/msg/DiceReadFeedback.lisp)
Linked: (/home/laboratorio/ros_workspace/devel/.private/gestos_robot_pkg/lib/python3/dist-packages/gestos_robot_pkg/__init__.py, /home/laboratorio/ros_workspace/devel/lib/python3/dist-packages/gestos_robot_pkg/__init__.py)
Linked: (/home/laboratorio/ros_workspace/devel/.private/gestos_robot_pkg/lib/python3/dist-packages/gestos_robot_pkg/msg/_GestoFeedback.py, /home/laboratorio/ros_workspace/devel/lib/python3/dist-packages/gestos_robot_pkg/msg/_GestoFeedback.py)
Linked: (/home/laboratorio/ros_workspace/devel/.private/gestos_robot_pkg/lib/python3/dist-packages/gestos_robot_pkg/msg/_DiceReadAction.py, /home/laboratorio/ros_workspace/devel/lib/python3/dist-packages/gestos_robot_pkg/msg/_DiceReadAction.py)
Linked: (/home/laboratorio/ros_workspace/devel/.private/gestos_robot_pkg/lib/python3/dist-packages/gestos_robot_pkg/msg/_DiceReadFeedback.py, /home/laboratorio/ros_workspace/devel/lib/python3/dist-packages/gestos_robot_pkg/msg/_DiceReadFeedback.py)
Linked: (/home/laboratorio/ros_workspace/devel/.private/gestos_robot_pkg/lib/python3/dist-packages/gestos_robot_pkg/msg/_GestoAction.py, /home/laboratorio/ros_workspace/devel/lib/python3/dist-packages/gestos_robot_pkg/msg/_GestoAction.py)
Linked: (/home/laboratorio/ros_workspace/devel/.private/gestos_robot_pkg/lib/python3/dist-packages/gestos_robot_pkg/msg/_GestoGoal.py, /home/laboratorio/ros_workspace/devel/lib/python3/dist-packages/gestos_robot_pkg/msg/_GestoGoal.py)
Linked: (/home/laboratorio/ros_workspace/devel/.private/gestos_robot_pkg/lib/python3/dist-packages/gestos_robot_pkg/msg/_GestoResult.py, /home/laboratorio/ros_workspace/devel/lib/python3/dist-packages/gestos_robot_pkg/msg/_GestoResult.py)
Linked: (/home/laboratorio/ros_workspace/devel/.private/gestos_robot_pkg/lib/python3/dist-packages/gestos_robot_pkg/msg/_DiceReadResult.py, /home/laboratorio/ros_workspace/devel/lib/python3/dist-packages/gestos_robot_pkg/msg/_DiceReadResult.py)
Linked: (/home/laboratorio/ros_workspace/devel/.private/gestos_robot_pkg/lib/python3/dist-packages/gestos_robot_pkg/msg/_DiceReadActionResult.py, /home/laboratorio/ros_workspace/devel/lib/python3/dist-packages/gestos_robot_pkg/msg/_DiceReadActionResult.py)
Linked: (/home/laboratorio/ros_workspace/devel/.private/gestos_robot_pkg/lib/python3/dist-packages/gestos_robot_pkg/msg/_GestoActionResult.py, /home/laboratorio/ros_workspace/devel/lib/python3/dist-packages/gestos_robot_pkg/msg/_GestoActionResult.py)
Linked: (/home/laboratorio/ros_workspace/devel/.private/gestos_robot_pkg/lib/python3/dist-packages/gestos_robot_pkg/msg/_DiceReadActionFeedback.py, /home/laboratorio/ros_workspace/devel/lib/python3/dist-packages/gestos_robot_pkg/msg/_DiceReadActionFeedback.py)
Linked: (/home/laboratorio/ros_workspace/devel/.private/gestos_robot_pkg/lib/python3/dist-packages/gestos_robot_pkg/msg/__init__.py, /home/laboratorio/ros_workspace/devel/lib/python3/dist-packages/gestos_robot_pkg/msg/__init__.py)
Linked: (/home/laboratorio/ros_workspace/devel/.private/gestos_robot_pkg/lib/python3/dist-packages/gestos_robot_pkg/msg/_Gesture.py, /home/laboratorio/ros_workspace/devel/lib/python3/dist-packages/gestos_robot_pkg/msg/_Gesture.py)
Linked: (/home/laboratorio/ros_workspace/devel/.private/gestos_robot_pkg/lib/python3/dist-packages/gestos_robot_pkg/msg/_GestoActionGoal.py, /home/laboratorio/ros_workspace/devel/lib/python3/dist-packages/gestos_robot_pkg/msg/_GestoActionGoal.py)
Linked: (/home/laboratorio/ros_workspace/devel/.private/gestos_robot_pkg/lib/python3/dist-packages/gestos_robot_pkg/msg/_GestoActionFeedback.py, /home/laboratorio/ros_workspace/devel/lib/python3/dist-packages/gestos_robot_pkg/msg/_GestoActionFeedback.py)
Linked: (/home/laboratorio/ros_workspace/devel/.private/gestos_robot_pkg/lib/python3/dist-packages/gestos_robot_pkg/msg/_DiceReadActionGoal.py, /home/laboratorio/ros_workspace/devel/lib/python3/dist-packages/gestos_robot_pkg/msg/_DiceReadActionGoal.py)
Linked: (/home/laboratorio/ros_workspace/devel/.private/gestos_robot_pkg/lib/python3/dist-packages/gestos_robot_pkg/msg/_DiceReadGoal.py, /home/laboratorio/ros_workspace/devel/lib/python3/dist-packages/gestos_robot_pkg/msg/_DiceReadGoal.py)
Linked: (/home/laboratorio/ros_workspace/devel/.private/gestos_robot_pkg/lib/pkgconfig/gestos_robot_pkg.pc, /home/laboratorio/ros_workspace/devel/lib/pkgconfig/gestos_robot_pkg.pc)
Linked: (/home/laboratorio/ros_workspace/devel/.private/gestos_robot_pkg/include/gestos_robot_pkg/GestoActionResult.h, /home/laboratorio/ros_workspace/devel/include/gestos_robot_pkg/GestoActionResult.h)
Linked: (/home/laboratorio/ros_workspace/devel/.private/gestos_robot_pkg/include/gestos_robot_pkg/DiceReadResult.h, /home/laboratorio/ros_workspace/devel/include/gestos_robot_pkg/DiceReadResult.h)
Linked: (/home/laboratorio/ros_workspace/devel/.private/gestos_robot_pkg/include/gestos_robot_pkg/DiceReadActionResult.h, /home/laboratorio/ros_workspace/devel/include/gestos_robot_pkg/DiceReadActionResult.h)
Linked: (/home/laboratorio/ros_workspace/devel/.private/gestos_robot_pkg/include/gestos_robot_pkg/GestoActionFeedback.h, /home/laboratorio/ros_workspace/devel/include/gestos_robot_pkg/GestoActionFeedback.h)
Linked: (/home/laboratorio/ros_workspace/devel/.private/gestos_robot_pkg/include/gestos_robot_pkg/DiceReadFeedback.h, /home/laboratorio/ros_workspace/devel/include/gestos_robot_pkg/DiceReadFeedback.h)
Linked: (/home/laboratorio/ros_workspace/devel/.private/gestos_robot_pkg/include/gestos_robot_pkg/DiceReadAction.h, /home/laboratorio/ros_workspace/devel/include/gestos_robot_pkg/DiceReadAction.h)
Linked: (/home/laboratorio/ros_workspace/devel/.private/gestos_robot_pkg/include/gestos_robot_pkg/DiceReadActionGoal.h, /home/laboratorio/ros_workspace/devel/include/gestos_robot_pkg/DiceReadActionGoal.h)
Linked: (/home/laboratorio/ros_workspace/devel/.private/gestos_robot_pkg/include/gestos_robot_pkg/Gesture.h, /home/laboratorio/ros_workspace/devel/include/gestos_robot_pkg/Gesture.h)
Linked: (/home/laboratorio/ros_workspace/devel/.private/gestos_robot_pkg/include/gestos_robot_pkg/GestoGoal.h, /home/laboratorio/ros_workspace/devel/include/gestos_robot_pkg/GestoGoal.h)
Linked: (/home/laboratorio/ros_workspace/devel/.private/gestos_robot_pkg/include/gestos_robot_pkg/GestoResult.h, /home/laboratorio/ros_workspace/devel/include/gestos_robot_pkg/GestoResult.h)
Linked: (/home/laboratorio/ros_workspace/devel/.private/gestos_robot_pkg/include/gestos_robot_pkg/DiceReadActionFeedback.h, /home/laboratorio/ros_workspace/devel/include/gestos_robot_pkg/DiceReadActionFeedback.h)
Linked: (/home/laboratorio/ros_workspace/devel/.private/gestos_robot_pkg/include/gestos_robot_pkg/GestoFeedback.h, /home/laboratorio/ros_workspace/devel/include/gestos_robot_pkg/GestoFeedback.h)
Linked: (/home/laboratorio/ros_workspace/devel/.private/gestos_robot_pkg/include/gestos_robot_pkg/DiceReadGoal.h, /home/laboratorio/ros_workspace/devel/include/gestos_robot_pkg/DiceReadGoal.h)
Linked: (/home/laboratorio/ros_workspace/devel/.private/gestos_robot_pkg/include/gestos_robot_pkg/GestoAction.h, /home/laboratorio/ros_workspace/devel/include/gestos_robot_pkg/GestoAction.h)
Linked: (/home/laboratorio/ros_workspace/devel/.private/gestos_robot_pkg/include/gestos_robot_pkg/GestoActionGoal.h, /home/laboratorio/ros_workspace/devel/include/gestos_robot_pkg/GestoActionGoal.h)
