[35m[1mScanning dependencies of target std_msgs_generate_messages_cpp[0m
[35m[1mScanning dependencies of target _gestos_robot_pkg_generate_messages_check_deps_GestoFeedback[0m
[35m[1mScanning dependencies of target actionlib_msgs_generate_messages_cpp[0m
[35m[1mScanning dependencies of target _gestos_robot_pkg_generate_messages_check_deps_GestoResult[0m
[35m[1mScanning dependencies of target _gestos_robot_pkg_generate_messages_check_deps_GestoAction[0m
[35m[1mScanning dependencies of target _gestos_robot_pkg_generate_messages_check_deps_DiceReadFeedback[0m
[35m[1mScanning dependencies of target _gestos_robot_pkg_generate_messages_check_deps_Gesture[0m
[35m[1mScanning dependencies of target _gestos_robot_pkg_generate_messages_check_deps_DiceReadActionGoal[0m
[35m[1mScanning dependencies of target _gestos_robot_pkg_generate_messages_check_deps_DiceReadActionResult[0m
[35m[1mScanning dependencies of target _gestos_robot_pkg_generate_messages_check_deps_DiceReadActionFeedback[0m
[35m[1mScanning dependencies of target _gestos_robot_pkg_generate_messages_check_deps_DiceReadGoal[0m
[35m[1mScanning dependencies of target _gestos_robot_pkg_generate_messages_check_deps_DiceReadAction[0m
[35m[1mScanning dependencies of target _gestos_robot_pkg_generate_messages_check_deps_GestoActionGoal[0m
[35m[1mScanning dependencies of target _gestos_robot_pkg_generate_messages_check_deps_GestoGoal[0m
[35m[1mScanning dependencies of target _gestos_robot_pkg_generate_messages_check_deps_DiceReadResult[0m
[35m[1mScanning dependencies of target _gestos_robot_pkg_generate_messages_check_deps_GestoActionResult[0m
[  0%] Built target actionlib_msgs_generate_messages_cpp
[  0%] Built target std_msgs_generate_messages_cpp
[  0%] Built target _gestos_robot_pkg_generate_messages_check_deps_DiceReadFeedback
[  0%] Built target _gestos_robot_pkg_generate_messages_check_deps_GestoResult
[  0%] Built target _gestos_robot_pkg_generate_messages_check_deps_DiceReadActionResult
[  0%] Built target _gestos_robot_pkg_generate_messages_check_deps_Gesture
[35m[1mScanning dependencies of target _gestos_robot_pkg_generate_messages_check_deps_GestoActionFeedback[0m
[  0%] Built target _gestos_robot_pkg_generate_messages_check_deps_GestoActionGoal
[  0%] Built target _gestos_robot_pkg_generate_messages_check_deps_GestoFeedback
[  0%] Built target _gestos_robot_pkg_generate_messages_check_deps_DiceReadAction
[  0%] Built target _gestos_robot_pkg_generate_messages_check_deps_GestoAction
[  0%] Built target _gestos_robot_pkg_generate_messages_check_deps_DiceReadGoal
[35m[1mScanning dependencies of target std_msgs_generate_messages_py[0m
[  0%] Built target _gestos_robot_pkg_generate_messages_check_deps_DiceReadActionFeedback
[  0%] Built target _gestos_robot_pkg_generate_messages_check_deps_DiceReadResult
[  0%] Built target _gestos_robot_pkg_generate_messages_check_deps_GestoGoal
[35m[1mScanning dependencies of target actionlib_msgs_generate_messages_py[0m
[  0%] Built target _gestos_robot_pkg_generate_messages_check_deps_DiceReadActionGoal
[35m[1mScanning dependencies of target std_msgs_generate_messages_eus[0m
[35m[1mScanning dependencies of target std_msgs_generate_messages_lisp[0m
[35m[1mScanning dependencies of target actionlib_msgs_generate_messages_eus[0m
[35m[1mScanning dependencies of target actionlib_msgs_generate_messages_nodejs[0m
[35m[1mScanning dependencies of target std_msgs_generate_messages_nodejs[0m
[  0%] Built target actionlib_msgs_generate_messages_py
[  0%] Built target std_msgs_generate_messages_py
[  0%] Built target std_msgs_generate_messages_lisp
[  0%] Built target actionlib_msgs_generate_messages_eus
[  0%] Built target std_msgs_generate_messages_eus
[  0%] Built target actionlib_msgs_generate_messages_nodejs
[35m[1mScanning dependencies of target actionlib_msgs_generate_messages_lisp[0m
[  0%] Built target std_msgs_generate_messages_nodejs
[  0%] Built target actionlib_msgs_generate_messages_lisp
[  0%] Built target _gestos_robot_pkg_generate_messages_check_deps_GestoActionResult
[  0%] Built target _gestos_robot_pkg_generate_messages_check_deps_GestoActionFeedback
[35m[1mScanning dependencies of target gestos_robot_pkg_generate_messages_nodejs[0m
[35m[1mScanning dependencies of target gestos_robot_pkg_generate_messages_py[0m
[35m[1mScanning dependencies of target gestos_robot_pkg_generate_messages_lisp[0m
[35m[1mScanning dependencies of target gestos_robot_pkg_generate_messages_cpp[0m
[35m[1mScanning dependencies of target gestos_robot_pkg_generate_messages_eus[0m
[  9%] [34m[1mGenerating EusLisp code from gestos_robot_pkg/DiceReadAction.msg[0m
[  9%] [34m[1mGenerating Python from MSG gestos_robot_pkg/DiceReadActionGoal[0m
[  9%] [34m[1mGenerating Lisp code from gestos_robot_pkg/DiceReadAction.msg[0m
[  9%] [34m[1mGenerating C++ code from gestos_robot_pkg/DiceReadAction.msg[0m
[  9%] [34m[1mGenerating C++ code from gestos_robot_pkg/DiceReadActionResult.msg[0m
[ 10%] [34m[1mGenerating EusLisp code from gestos_robot_pkg/DiceReadActionResult.msg[0m
[  9%] [34m[1mGenerating Javascript code from gestos_robot_pkg/DiceReadAction.msg[0m
[ 14%] [34m[1mGenerating Python from MSG gestos_robot_pkg/DiceReadAction[0m
[  9%] [34m[1mGenerating Lisp code from gestos_robot_pkg/DiceReadActionResult.msg[0m
[ 14%] [34m[1mGenerating Javascript code from gestos_robot_pkg/DiceReadActionResult.msg[0m
[ 15%] [34m[1mGenerating C++ code from gestos_robot_pkg/DiceReadActionGoal.msg[0m
[ 15%] [34m[1mGenerating Python from MSG gestos_robot_pkg/DiceReadActionResult[0m
[ 16%] [34m[1mGenerating Lisp code from gestos_robot_pkg/DiceReadActionGoal.msg[0m
[ 18%] [34m[1mGenerating C++ code from gestos_robot_pkg/DiceReadActionFeedback.msg[0m
[ 19%] [34m[1mGenerating EusLisp code from gestos_robot_pkg/DiceReadActionGoal.msg[0m
[ 20%] [34m[1mGenerating Javascript code from gestos_robot_pkg/DiceReadActionGoal.msg[0m
[ 22%] [34m[1mGenerating Javascript code from gestos_robot_pkg/DiceReadActionFeedback.msg[0m
[ 23%] [34m[1mGenerating EusLisp code from gestos_robot_pkg/DiceReadActionFeedback.msg[0m
[ 25%] [34m[1mGenerating EusLisp code from gestos_robot_pkg/DiceReadGoal.msg[0m
[ 25%] [34m[1mGenerating Lisp code from gestos_robot_pkg/DiceReadActionFeedback.msg[0m
[ 27%] [34m[1mGenerating Javascript code from gestos_robot_pkg/DiceReadGoal.msg[0m
[ 28%] [34m[1mGenerating Python from MSG gestos_robot_pkg/DiceReadActionFeedback[0m
[ 29%] [34m[1mGenerating EusLisp code from gestos_robot_pkg/DiceReadResult.msg[0m
[ 31%] [34m[1mGenerating EusLisp code from gestos_robot_pkg/DiceReadFeedback.msg[0m
[ 32%] [34m[1mGenerating Lisp code from gestos_robot_pkg/DiceReadResult.msg[0m
[ 33%] [34m[1mGenerating Lisp code from gestos_robot_pkg/DiceReadFeedback.msg[0m
[ 35%] [34m[1mGenerating Lisp code from gestos_robot_pkg/DiceReadGoal.msg[0m
[ 36%] [34m[1mGenerating C++ code from gestos_robot_pkg/DiceReadGoal.msg[0m
[ 37%] [34m[1mGenerating Javascript code from gestos_robot_pkg/DiceReadResult.msg[0m
[ 38%] [34m[1mGenerating Javascript code from gestos_robot_pkg/DiceReadFeedback.msg[0m
[ 40%] [34m[1mGenerating EusLisp code from gestos_robot_pkg/GestoAction.msg[0m
[ 41%] [34m[1mGenerating EusLisp code from gestos_robot_pkg/GestoActionGoal.msg[0m
[ 42%] [34m[1mGenerating Lisp code from gestos_robot_pkg/GestoAction.msg[0m
[ 44%] [34m[1mGenerating C++ code from gestos_robot_pkg/DiceReadResult.msg[0m
[ 46%] [34m[1mGenerating Lisp code from gestos_robot_pkg/GestoActionGoal.msg[0m
[ 46%] [34m[1mGenerating EusLisp code from gestos_robot_pkg/GestoActionResult.msg[0m
[ 48%] [34m[1mGenerating EusLisp code from gestos_robot_pkg/GestoGoal.msg[0m
[ 49%] [34m[1mGenerating EusLisp code from gestos_robot_pkg/GestoActionFeedback.msg[0m
[ 50%] [34m[1mGenerating Lisp code from gestos_robot_pkg/GestoActionResult.msg[0m
[ 51%] [34m[1mGenerating Python from MSG gestos_robot_pkg/DiceReadGoal[0m
[ 53%] [34m[1mGenerating Javascript code from gestos_robot_pkg/GestoAction.msg[0m
[ 54%] [34m[1mGenerating Python from MSG gestos_robot_pkg/DiceReadResult[0m
[ 55%] [34m[1mGenerating EusLisp code from gestos_robot_pkg/GestoResult.msg[0m
[ 57%] [34m[1mGenerating Python from MSG gestos_robot_pkg/DiceReadFeedback[0m
[ 58%] [34m[1mGenerating Javascript code from gestos_robot_pkg/GestoActionGoal.msg[0m
[ 59%] [34m[1mGenerating Python from MSG gestos_robot_pkg/GestoAction[0m
[ 61%] [34m[1mGenerating Python from MSG gestos_robot_pkg/GestoActionGoal[0m
[ 62%] [34m[1mGenerating EusLisp code from gestos_robot_pkg/GestoFeedback.msg[0m
[ 63%] [34m[1mGenerating Lisp code from gestos_robot_pkg/GestoActionFeedback.msg[0m
[ 64%] [34m[1mGenerating Python from MSG gestos_robot_pkg/GestoActionResult[0m
[ 66%] [34m[1mGenerating Python from MSG gestos_robot_pkg/GestoActionFeedback[0m
[ 68%] [34m[1mGenerating EusLisp code from gestos_robot_pkg/Gesture.msg[0m
[ 68%] [34m[1mGenerating C++ code from gestos_robot_pkg/DiceReadFeedback.msg[0m
[ 70%] [34m[1mGenerating Lisp code from gestos_robot_pkg/GestoGoal.msg[0m
[ 71%] [34m[1mGenerating EusLisp manifest code for gestos_robot_pkg[0m
[ 72%] [34m[1mGenerating C++ code from gestos_robot_pkg/GestoAction.msg[0m
[ 74%] [34m[1mGenerating Lisp code from gestos_robot_pkg/GestoFeedback.msg[0m
[ 75%] [34m[1mGenerating Lisp code from gestos_robot_pkg/GestoResult.msg[0m
[ 76%] [34m[1mGenerating C++ code from gestos_robot_pkg/GestoActionGoal.msg[0m
[ 77%] [34m[1mGenerating Javascript code from gestos_robot_pkg/GestoActionResult.msg[0m
[ 79%] [34m[1mGenerating Lisp code from gestos_robot_pkg/Gesture.msg[0m
[ 80%] [34m[1mGenerating C++ code from gestos_robot_pkg/GestoActionResult.msg[0m
[ 81%] [34m[1mGenerating Javascript code from gestos_robot_pkg/GestoActionFeedback.msg[0m
[ 83%] [34m[1mGenerating Javascript code from gestos_robot_pkg/GestoGoal.msg[0m
[ 84%] [34m[1mGenerating Python from MSG gestos_robot_pkg/GestoResult[0m
[ 85%] [34m[1mGenerating Javascript code from gestos_robot_pkg/GestoResult.msg[0m
[ 87%] [34m[1mGenerating Python from MSG gestos_robot_pkg/GestoGoal[0m
[ 87%] Built target gestos_robot_pkg_generate_messages_lisp
[ 88%] [34m[1mGenerating Python from MSG gestos_robot_pkg/GestoFeedback[0m
[ 89%] [34m[1mGenerating Javascript code from gestos_robot_pkg/GestoFeedback.msg[0m
[ 90%] [34m[1mGenerating Python from MSG gestos_robot_pkg/Gesture[0m
[ 92%] [34m[1mGenerating C++ code from gestos_robot_pkg/GestoActionFeedback.msg[0m
[ 93%] [34m[1mGenerating C++ code from gestos_robot_pkg/GestoGoal.msg[0m
[ 94%] [34m[1mGenerating Javascript code from gestos_robot_pkg/Gesture.msg[0m
[ 96%] [34m[1mGenerating C++ code from gestos_robot_pkg/GestoFeedback.msg[0m
[ 97%] [34m[1mGenerating C++ code from gestos_robot_pkg/GestoResult.msg[0m
[ 98%] [34m[1mGenerating C++ code from gestos_robot_pkg/Gesture.msg[0m
[ 98%] Built target gestos_robot_pkg_generate_messages_nodejs
[100%] [34m[1mGenerating Python msg __init__.py for gestos_robot_pkg[0m
[100%] Built target gestos_robot_pkg_generate_messages_cpp
[100%] Built target gestos_robot_pkg_generate_messages_eus
[100%] Built target gestos_robot_pkg_generate_messages_py
[35m[1mScanning dependencies of target gestos_robot_pkg_generate_messages[0m
[100%] Built target gestos_robot_pkg_generate_messages
