Symlinking /home/laboratorio/ros_workspace/devel/share/gennodejs/ros/gestos_robot_pkg/_index.js
Symlinking /home/laboratorio/ros_workspace/devel/share/gennodejs/ros/gestos_robot_pkg/msg/DiceReadActionResult.js
Symlinking /home/laboratorio/ros_workspace/devel/share/gennodejs/ros/gestos_robot_pkg/msg/DiceReadActionFeedback.js
Symlinking /home/laboratorio/ros_workspace/devel/share/gennodejs/ros/gestos_robot_pkg/msg/DiceReadFeedback.js
Symlinking /home/laboratorio/ros_workspace/devel/share/gennodejs/ros/gestos_robot_pkg/msg/DiceReadResult.js
Symlinking /home/laboratorio/ros_workspace/devel/share/gennodejs/ros/gestos_robot_pkg/msg/Gesture.js
Symlinking /home/laboratorio/ros_workspace/devel/share/gennodejs/ros/gestos_robot_pkg/msg/DiceReadAction.js
Symlinking /home/laboratorio/ros_workspace/devel/share/gennodejs/ros/gestos_robot_pkg/msg/GestoActionFeedback.js
Symlinking /home/laboratorio/ros_workspace/devel/share/gennodejs/ros/gestos_robot_pkg/msg/GestoFeedback.js
Symlinking /home/laboratorio/ros_workspace/devel/share/gennodejs/ros/gestos_robot_pkg/msg/GestoGoal.js
Symlinking /home/laboratorio/ros_workspace/devel/share/gennodejs/ros/gestos_robot_pkg/msg/GestoActionResult.js
Symlinking /home/laboratorio/ros_workspace/devel/share/gennodejs/ros/gestos_robot_pkg/msg/GestoAction.js
Symlinking /home/laboratorio/ros_workspace/devel/share/gennodejs/ros/gestos_robot_pkg/msg/_index.js
Symlinking /home/laboratorio/ros_workspace/devel/share/gennodejs/ros/gestos_robot_pkg/msg/DiceReadActionGoal.js
Symlinking /home/laboratorio/ros_workspace/devel/share/gennodejs/ros/gestos_robot_pkg/msg/DiceReadGoal.js
Symlinking /home/laboratorio/ros_workspace/devel/share/gennodejs/ros/gestos_robot_pkg/msg/GestoActionGoal.js
Symlinking /home/laboratorio/ros_workspace/devel/share/gennodejs/ros/gestos_robot_pkg/msg/GestoResult.js
Symlinking /home/laboratorio/ros_workspace/devel/share/roseus/ros/gestos_robot_pkg/manifest.l
Symlinking /home/laboratorio/ros_workspace/devel/share/roseus/ros/gestos_robot_pkg/msg/GestoAction.l
Symlinking /home/laboratorio/ros_workspace/devel/share/roseus/ros/gestos_robot_pkg/msg/GestoFeedback.l
Symlinking /home/laboratorio/ros_workspace/devel/share/roseus/ros/gestos_robot_pkg/msg/DiceReadResult.l
Symlinking /home/laboratorio/ros_workspace/devel/share/roseus/ros/gestos_robot_pkg/msg/GestoActionFeedback.l
Symlinking /home/laboratorio/ros_workspace/devel/share/roseus/ros/gestos_robot_pkg/msg/DiceReadActionResult.l
Symlinking /home/laboratorio/ros_workspace/devel/share/roseus/ros/gestos_robot_pkg/msg/GestoResult.l
Symlinking /home/laboratorio/ros_workspace/devel/share/roseus/ros/gestos_robot_pkg/msg/Gesture.l
Symlinking /home/laboratorio/ros_workspace/devel/share/roseus/ros/gestos_robot_pkg/msg/DiceReadActionGoal.l
Symlinking /home/laboratorio/ros_workspace/devel/share/roseus/ros/gestos_robot_pkg/msg/GestoActionResult.l
Symlinking /home/laboratorio/ros_workspace/devel/share/roseus/ros/gestos_robot_pkg/msg/GestoActionGoal.l
Symlinking /home/laboratorio/ros_workspace/devel/share/roseus/ros/gestos_robot_pkg/msg/DiceReadActionFeedback.l
Symlinking /home/laboratorio/ros_workspace/devel/share/roseus/ros/gestos_robot_pkg/msg/DiceReadFeedback.l
Symlinking /home/laboratorio/ros_workspace/devel/share/roseus/ros/gestos_robot_pkg/msg/DiceReadGoal.l
Symlinking /home/laboratorio/ros_workspace/devel/share/roseus/ros/gestos_robot_pkg/msg/DiceReadAction.l
Symlinking /home/laboratorio/ros_workspace/devel/share/roseus/ros/gestos_robot_pkg/msg/GestoGoal.l
Symlinking /home/laboratorio/ros_workspace/devel/share/gestos_robot_pkg/msg/GestoActionFeedback.msg
Symlinking /home/laboratorio/ros_workspace/devel/share/gestos_robot_pkg/msg/GestoActionGoal.msg
Symlinking /home/laboratorio/ros_workspace/devel/share/gestos_robot_pkg/msg/DiceReadActionGoal.msg
Symlinking /home/laboratorio/ros_workspace/devel/share/gestos_robot_pkg/msg/DiceReadResult.msg
Symlinking /home/laboratorio/ros_workspace/devel/share/gestos_robot_pkg/msg/GestoGoal.msg
Symlinking /home/laboratorio/ros_workspace/devel/share/gestos_robot_pkg/msg/GestoActionResult.msg
Symlinking /home/laboratorio/ros_workspace/devel/share/gestos_robot_pkg/msg/DiceReadActionFeedback.msg
Symlinking /home/laboratorio/ros_workspace/devel/share/gestos_robot_pkg/msg/DiceReadActionResult.msg
Symlinking /home/laboratorio/ros_workspace/devel/share/gestos_robot_pkg/msg/DiceReadFeedback.msg
Symlinking /home/laboratorio/ros_workspace/devel/share/gestos_robot_pkg/msg/DiceReadAction.msg
Symlinking /home/laboratorio/ros_workspace/devel/share/gestos_robot_pkg/msg/GestoResult.msg
Symlinking /home/laboratorio/ros_workspace/devel/share/gestos_robot_pkg/msg/GestoAction.msg
Symlinking /home/laboratorio/ros_workspace/devel/share/gestos_robot_pkg/msg/GestoFeedback.msg
Symlinking /home/laboratorio/ros_workspace/devel/share/gestos_robot_pkg/msg/DiceReadGoal.msg
Symlinking /home/laboratorio/ros_workspace/devel/share/gestos_robot_pkg/cmake/gestos_robot_pkgConfig-version.cmake
Symlinking /home/laboratorio/ros_workspace/devel/share/gestos_robot_pkg/cmake/gestos_robot_pkg-msg-extras.cmake
Symlinking /home/laboratorio/ros_workspace/devel/share/gestos_robot_pkg/cmake/gestos_robot_pkgConfig.cmake
Symlinking /home/laboratorio/ros_workspace/devel/share/gestos_robot_pkg/cmake/gestos_robot_pkg-msg-paths.cmake
Symlinking /home/laboratorio/ros_workspace/devel/share/common-lisp/ros/gestos_robot_pkg/msg/_package_GestoActionGoal.lisp
Symlinking /home/laboratorio/ros_workspace/devel/share/common-lisp/ros/gestos_robot_pkg/msg/_package_DiceReadGoal.lisp
Symlinking /home/laboratorio/ros_workspace/devel/share/common-lisp/ros/gestos_robot_pkg/msg/_package_GestoAction.lisp
Symlinking /home/laboratorio/ros_workspace/devel/share/common-lisp/ros/gestos_robot_pkg/msg/GestoGoal.lisp
Symlinking /home/laboratorio/ros_workspace/devel/share/common-lisp/ros/gestos_robot_pkg/msg/Gesture.lisp
Symlinking /home/laboratorio/ros_workspace/devel/share/common-lisp/ros/gestos_robot_pkg/msg/_package.lisp
Symlinking /home/laboratorio/ros_workspace/devel/share/common-lisp/ros/gestos_robot_pkg/msg/gestos_robot_pkg-msg.asd
Symlinking /home/laboratorio/ros_workspace/devel/share/common-lisp/ros/gestos_robot_pkg/msg/_package_Gesture.lisp
Symlinking /home/laboratorio/ros_workspace/devel/share/common-lisp/ros/gestos_robot_pkg/msg/_package_DiceReadFeedback.lisp
Symlinking /home/laboratorio/ros_workspace/devel/share/common-lisp/ros/gestos_robot_pkg/msg/GestoFeedback.lisp
Symlinking /home/laboratorio/ros_workspace/devel/share/common-lisp/ros/gestos_robot_pkg/msg/DiceReadActionGoal.lisp
Symlinking /home/laboratorio/ros_workspace/devel/share/common-lisp/ros/gestos_robot_pkg/msg/DiceReadGoal.lisp
Symlinking /home/laboratorio/ros_workspace/devel/share/common-lisp/ros/gestos_robot_pkg/msg/_package_GestoGoal.lisp
Symlinking /home/laboratorio/ros_workspace/devel/share/common-lisp/ros/gestos_robot_pkg/msg/DiceReadAction.lisp
Symlinking /home/laboratorio/ros_workspace/devel/share/common-lisp/ros/gestos_robot_pkg/msg/GestoResult.lisp
Symlinking /home/laboratorio/ros_workspace/devel/share/common-lisp/ros/gestos_robot_pkg/msg/GestoActionResult.lisp
Symlinking /home/laboratorio/ros_workspace/devel/share/common-lisp/ros/gestos_robot_pkg/msg/_package_GestoResult.lisp
Symlinking /home/laboratorio/ros_workspace/devel/share/common-lisp/ros/gestos_robot_pkg/msg/_package_DiceReadAction.lisp
Symlinking /home/laboratorio/ros_workspace/devel/share/common-lisp/ros/gestos_robot_pkg/msg/GestoAction.lisp
Symlinking /home/laboratorio/ros_workspace/devel/share/common-lisp/ros/gestos_robot_pkg/msg/_package_GestoFeedback.lisp
Symlinking /home/laboratorio/ros_workspace/devel/share/common-lisp/ros/gestos_robot_pkg/msg/_package_DiceReadResult.lisp
Symlinking /home/laboratorio/ros_workspace/devel/share/common-lisp/ros/gestos_robot_pkg/msg/DiceReadActionFeedback.lisp
Symlinking /home/laboratorio/ros_workspace/devel/share/common-lisp/ros/gestos_robot_pkg/msg/_package_DiceReadActionResult.lisp
Symlinking /home/laboratorio/ros_workspace/devel/share/common-lisp/ros/gestos_robot_pkg/msg/_package_GestoActionResult.lisp
Symlinking /home/laboratorio/ros_workspace/devel/share/common-lisp/ros/gestos_robot_pkg/msg/GestoActionGoal.lisp
Symlinking /home/laboratorio/ros_workspace/devel/share/common-lisp/ros/gestos_robot_pkg/msg/DiceReadActionResult.lisp
Symlinking /home/laboratorio/ros_workspace/devel/share/common-lisp/ros/gestos_robot_pkg/msg/_package_DiceReadActionFeedback.lisp
Symlinking /home/laboratorio/ros_workspace/devel/share/common-lisp/ros/gestos_robot_pkg/msg/DiceReadResult.lisp
Symlinking /home/laboratorio/ros_workspace/devel/share/common-lisp/ros/gestos_robot_pkg/msg/_package_DiceReadActionGoal.lisp
Symlinking /home/laboratorio/ros_workspace/devel/share/common-lisp/ros/gestos_robot_pkg/msg/GestoActionFeedback.lisp
Symlinking /home/laboratorio/ros_workspace/devel/share/common-lisp/ros/gestos_robot_pkg/msg/_package_GestoActionFeedback.lisp
Symlinking /home/laboratorio/ros_workspace/devel/share/common-lisp/ros/gestos_robot_pkg/msg/DiceReadFeedback.lisp
Symlinking /home/laboratorio/ros_workspace/devel/lib/python3/dist-packages/gestos_robot_pkg/__init__.py
Symlinking /home/laboratorio/ros_workspace/devel/lib/python3/dist-packages/gestos_robot_pkg/msg/_GestoFeedback.py
Symlinking /home/laboratorio/ros_workspace/devel/lib/python3/dist-packages/gestos_robot_pkg/msg/_DiceReadAction.py
Symlinking /home/laboratorio/ros_workspace/devel/lib/python3/dist-packages/gestos_robot_pkg/msg/_DiceReadFeedback.py
Symlinking /home/laboratorio/ros_workspace/devel/lib/python3/dist-packages/gestos_robot_pkg/msg/_GestoAction.py
Symlinking /home/laboratorio/ros_workspace/devel/lib/python3/dist-packages/gestos_robot_pkg/msg/_GestoGoal.py
Symlinking /home/laboratorio/ros_workspace/devel/lib/python3/dist-packages/gestos_robot_pkg/msg/_GestoResult.py
Symlinking /home/laboratorio/ros_workspace/devel/lib/python3/dist-packages/gestos_robot_pkg/msg/_DiceReadResult.py
Symlinking /home/laboratorio/ros_workspace/devel/lib/python3/dist-packages/gestos_robot_pkg/msg/_DiceReadActionResult.py
Symlinking /home/laboratorio/ros_workspace/devel/lib/python3/dist-packages/gestos_robot_pkg/msg/_GestoActionResult.py
Symlinking /home/laboratorio/ros_workspace/devel/lib/python3/dist-packages/gestos_robot_pkg/msg/_DiceReadActionFeedback.py
Symlinking /home/laboratorio/ros_workspace/devel/lib/python3/dist-packages/gestos_robot_pkg/msg/__init__.py
Symlinking /home/laboratorio/ros_workspace/devel/lib/python3/dist-packages/gestos_robot_pkg/msg/_Gesture.py
Symlinking /home/laboratorio/ros_workspace/devel/lib/python3/dist-packages/gestos_robot_pkg/msg/_GestoActionGoal.py
Symlinking /home/laboratorio/ros_workspace/devel/lib/python3/dist-packages/gestos_robot_pkg/msg/_GestoActionFeedback.py
Symlinking /home/laboratorio/ros_workspace/devel/lib/python3/dist-packages/gestos_robot_pkg/msg/_DiceReadActionGoal.py
Symlinking /home/laboratorio/ros_workspace/devel/lib/python3/dist-packages/gestos_robot_pkg/msg/_DiceReadGoal.py
Symlinking /home/laboratorio/ros_workspace/devel/lib/pkgconfig/gestos_robot_pkg.pc
Symlinking /home/laboratorio/ros_workspace/devel/include/gestos_robot_pkg/GestoActionResult.h
Symlinking /home/laboratorio/ros_workspace/devel/include/gestos_robot_pkg/DiceReadResult.h
Symlinking /home/laboratorio/ros_workspace/devel/include/gestos_robot_pkg/DiceReadActionResult.h
Symlinking /home/laboratorio/ros_workspace/devel/include/gestos_robot_pkg/GestoActionFeedback.h
Symlinking /home/laboratorio/ros_workspace/devel/include/gestos_robot_pkg/DiceReadFeedback.h
Symlinking /home/laboratorio/ros_workspace/devel/include/gestos_robot_pkg/DiceReadAction.h
Symlinking /home/laboratorio/ros_workspace/devel/include/gestos_robot_pkg/DiceReadActionGoal.h
Symlinking /home/laboratorio/ros_workspace/devel/include/gestos_robot_pkg/Gesture.h
Symlinking /home/laboratorio/ros_workspace/devel/include/gestos_robot_pkg/GestoGoal.h
Symlinking /home/laboratorio/ros_workspace/devel/include/gestos_robot_pkg/GestoResult.h
Symlinking /home/laboratorio/ros_workspace/devel/include/gestos_robot_pkg/DiceReadActionFeedback.h
Symlinking /home/laboratorio/ros_workspace/devel/include/gestos_robot_pkg/GestoFeedback.h
Symlinking /home/laboratorio/ros_workspace/devel/include/gestos_robot_pkg/DiceReadGoal.h
Symlinking /home/laboratorio/ros_workspace/devel/include/gestos_robot_pkg/GestoAction.h
Symlinking /home/laboratorio/ros_workspace/devel/include/gestos_robot_pkg/GestoActionGoal.h
