[  0%] Built target _ur_dashboard_msgs_generate_messages_check_deps_IsProgramSaved
[  0%] Built target _ur_dashboard_msgs_generate_messages_check_deps_Load
[  0%] Built target _ur_dashboard_msgs_generate_messages_check_deps_RawRequest
[  0%] Built target _ur_dashboard_msgs_generate_messages_check_deps_Popup
[  0%] Built target _ur_dashboard_msgs_generate_messages_check_deps_SetModeGoal
[  0%] Built target _ur_dashboard_msgs_generate_messages_check_deps_IsProgramRunning
[  0%] Built target std_msgs_generate_messages_lisp
[  0%] Built target actionlib_msgs_generate_messages_lisp
[  0%] Built target _ur_dashboard_msgs_generate_messages_check_deps_GetSafetyMode
[  0%] Built target _ur_dashboard_msgs_generate_messages_check_deps_GetRobotMode
[  0%] Built target _ur_dashboard_msgs_generate_messages_check_deps_IsInRemoteControl
[  0%] Built target _ur_dashboard_msgs_generate_messages_check_deps_GetProgramState
[  0%] Built target _ur_dashboard_msgs_generate_messages_check_deps_RobotMode
[  0%] Built target _ur_dashboard_msgs_generate_messages_check_deps_SetModeAction
[  0%] Built target _ur_dashboard_msgs_generate_messages_check_deps_AddToLog
[  0%] Built target actionlib_msgs_generate_messages_py
[  0%] Built target _ur_dashboard_msgs_generate_messages_check_deps_SetModeActionGoal
[  0%] Built target _ur_dashboard_msgs_generate_messages_check_deps_ProgramState
[  0%] Built target _ur_dashboard_msgs_generate_messages_check_deps_SetModeFeedback
[  0%] Built target _ur_dashboard_msgs_generate_messages_check_deps_SafetyMode
[  0%] Built target _ur_dashboard_msgs_generate_messages_check_deps_SetModeActionResult
[  0%] Built target _ur_dashboard_msgs_generate_messages_check_deps_GetLoadedProgram
[  0%] Built target std_msgs_generate_messages_eus
[  0%] Built target std_msgs_generate_messages_cpp
[  0%] Built target actionlib_msgs_generate_messages_eus
[  0%] Built target std_msgs_generate_messages_nodejs
[  0%] Built target _ur_dashboard_msgs_generate_messages_check_deps_SetModeResult
[  0%] Built target std_msgs_generate_messages_py
[  0%] Built target actionlib_msgs_generate_messages_nodejs
[  0%] Built target _ur_dashboard_msgs_generate_messages_check_deps_SetModeActionFeedback
[  0%] Built target actionlib_msgs_generate_messages_cpp
[  1%] [34m[1mGenerating Lisp code from ur_dashboard_msgs/SetModeAction.msg[0m
[  2%] [34m[1mGenerating Lisp code from ur_dashboard_msgs/SetModeActionResult.msg[0m
[  3%] [34m[1mGenerating Lisp code from ur_dashboard_msgs/SetModeActionGoal.msg[0m
[  4%] [34m[1mGenerating Python from MSG ur_dashboard_msgs/SetModeAction[0m
[  5%] [34m[1mGenerating Lisp code from ur_dashboard_msgs/SetModeActionFeedback.msg[0m
[ 24%] Built target ur_dashboard_msgs_generate_messages_eus
[ 25%] [34m[1mGenerating Python from MSG ur_dashboard_msgs/SetModeActionGoal[0m
[ 25%] [34m[1mGenerating Lisp code from ur_dashboard_msgs/SetModeGoal.msg[0m
[ 26%] [34m[1mGenerating Lisp code from ur_dashboard_msgs/SetModeResult.msg[0m
[ 27%] [34m[1mGenerating Lisp code from ur_dashboard_msgs/SetModeFeedback.msg[0m
[ 28%] [34m[1mGenerating Python from MSG ur_dashboard_msgs/SetModeActionResult[0m
[ 42%] Built target ur_dashboard_msgs_generate_messages_lisp
[ 61%] Built target ur_dashboard_msgs_generate_messages_nodejs
[ 62%] [34m[1mGenerating C++ code from ur_dashboard_msgs/SetModeAction.msg[0m
[ 63%] [34m[1mGenerating C++ code from ur_dashboard_msgs/SetModeActionGoal.msg[0m
[ 64%] [34m[1mGenerating Python from MSG ur_dashboard_msgs/SetModeActionFeedback[0m
[ 65%] [34m[1mGenerating Python from MSG ur_dashboard_msgs/SetModeGoal[0m
[ 67%] [34m[1mGenerating C++ code from ur_dashboard_msgs/SetModeActionResult.msg[0m
[ 67%] [34m[1mGenerating Python from MSG ur_dashboard_msgs/SetModeResult[0m
[ 67%] [34m[1mGenerating C++ code from ur_dashboard_msgs/SetModeActionFeedback.msg[0m
[ 68%] [34m[1mGenerating C++ code from ur_dashboard_msgs/SetModeGoal.msg[0m
[ 69%] [34m[1mGenerating C++ code from ur_dashboard_msgs/SetModeResult.msg[0m
[ 70%] [34m[1mGenerating Python from MSG ur_dashboard_msgs/SetModeFeedback[0m
[ 71%] [34m[1mGenerating C++ code from ur_dashboard_msgs/SetModeFeedback.msg[0m
[ 85%] Built target ur_dashboard_msgs_generate_messages_cpp
[ 86%] [34m[1mGenerating Python msg __init__.py for ur_dashboard_msgs[0m
[ 87%] [34m[1mGenerating Python srv __init__.py for ur_dashboard_msgs[0m
[100%] Built target ur_dashboard_msgs_generate_messages_py
[100%] Built target ur_dashboard_msgs_generate_messages
